################################################################################
#                                                                              #
#      IAR Universal Linker V5.0.2.5/W32                                       #
#                                                                              #
#           Link time     =  30/May/2014  13:31:37                             #
#           Target CPU    =  x51                                               #
#           List file     =  C:\Users\Administrator\Desktop\ÎÄ¼þ¼Ð\yjj\1.³ö³§² #
#                            âÊÔ³ÌÐò_re\1.³ö³§²âÊÔ³ÌÐò\ide\srf05_cc2530\iar\te #
#                            mp\light_switch.map                               #
#           Output file 1 =  C:\Users\Administrator\Desktop\ÎÄ¼þ¼Ð\yjj\1.³ö³§² #
#                            âÊÔ³ÌÐò_re\1.³ö³§²âÊÔ³ÌÐò\ide\srf05_cc2530\iar\li #
#                            ght_switch.hex                                    #
#                            Format: intel-extended                            #
#           Output file 2 =  C:\Users\Administrator\Desktop\ÎÄ¼þ¼Ð\yjj\1.³ö³§² #
#                            âÊÔ³ÌÐò_re\1.³ö³§²âÊÔ³ÌÐò\ide\srf05_cc2530\iar\li #
#                            ght_switch.d51                                    #
#                            Format: debug                                     #
#                            UBROF version 10.0.3                              #
#                            Using library modules for C-SPY (-rt)             #
#           Command line  =  "-IC:\Program Files\IAR Systems\Embedded Workbenc #
#                            h 6.0 Evaluation_0\8051\CONFIG\"                  #
#                            -D_NR_OF_BANKS=0x07 -D_CODEBANK_END=0xFFFF        #
#                            -D_CODEBANK_START=0x8000 -D?CBANK_MASK=0xFF       #
#                            -D?CBANK=0x9F                                     #
#                            C:\Users\Administrator\Desktop\ÎÄ¼þ¼Ð\yjj\1.³ö³§² #
#                            âÊÔ³ÌÐò_re\1.³ö³§²âÊÔ³ÌÐò\ide\srf05_cc2530\iar\te #
#                            mp\light_switch\Initial.r51                       #
#                            C:\Users\Administrator\Desktop\ÎÄ¼þ¼Ð\yjj\1.³ö³§² #
#                            âÊÔ³ÌÐò_re\1.³ö³§²âÊÔ³ÌÐò\ide\srf05_cc2530\iar\te #
#                            mp\light_switch\adc.r51                           #
#                            C:\Users\Administrator\Desktop\ÎÄ¼þ¼Ð\yjj\1.³ö³§² #
#                            âÊÔ³ÌÐò_re\1.³ö³§²âÊÔ³ÌÐò\ide\srf05_cc2530\iar\te #
#                            mp\light_switch\basic_rf.r51                      #
#                            C:\Users\Administrator\Desktop\ÎÄ¼þ¼Ð\yjj\1.³ö³§² #
#                            âÊÔ³ÌÐò_re\1.³ö³§²âÊÔ³ÌÐò\ide\srf05_cc2530\iar\te #
#                            mp\light_switch\basic_rf_security.r51             #
#                            C:\Users\Administrator\Desktop\ÎÄ¼þ¼Ð\yjj\1.³ö³§² #
#                            âÊÔ³ÌÐò_re\1.³ö³§²âÊÔ³ÌÐò\ide\srf05_cc2530\iar\te #
#                            mp\light_switch\clock.r51                         #
#                            C:\Users\Administrator\Desktop\ÎÄ¼þ¼Ð\yjj\1.³ö³§² #
#                            âÊÔ³ÌÐò_re\1.³ö³§²âÊÔ³ÌÐò\ide\srf05_cc2530\iar\te #
#                            mp\light_switch\hal_assert.r51                    #
#                            C:\Users\Administrator\Desktop\ÎÄ¼þ¼Ð\yjj\1.³ö³§² #
#                            âÊÔ³ÌÐò_re\1.³ö³§²âÊÔ³ÌÐò\ide\srf05_cc2530\iar\te #
#                            mp\light_switch\hal_board.r51                     #
#                            C:\Users\Administrator\Desktop\ÎÄ¼þ¼Ð\yjj\1.³ö³§² #
#                            âÊÔ³ÌÐò_re\1.³ö³§²âÊÔ³ÌÐò\ide\srf05_cc2530\iar\te #
#                            mp\light_switch\hal_int.r51                       #
#                            C:\Users\Administrator\Desktop\ÎÄ¼þ¼Ð\yjj\1.³ö³§² #
#                            âÊÔ³ÌÐò_re\1.³ö³§²âÊÔ³ÌÐò\ide\srf05_cc2530\iar\te #
#                            mp\light_switch\hal_lcd_srf05.r51                 #
#                            C:\Users\Administrator\Desktop\ÎÄ¼þ¼Ð\yjj\1.³ö³§² #
#                            âÊÔ³ÌÐò_re\1.³ö³§²âÊÔ³ÌÐò\ide\srf05_cc2530\iar\te #
#                            mp\light_switch\hal_mcu.r51                       #
#                            C:\Users\Administrator\Desktop\ÎÄ¼þ¼Ð\yjj\1.³ö³§² #
#                            âÊÔ³ÌÐò_re\1.³ö³§²âÊÔ³ÌÐò\ide\srf05_cc2530\iar\te #
#                            mp\light_switch\hal_rf.r51                        #
#                            C:\Users\Administrator\Desktop\ÎÄ¼þ¼Ð\yjj\1.³ö³§² #
#                            âÊÔ³ÌÐò_re\1.³ö³§²âÊÔ³ÌÐò\ide\srf05_cc2530\iar\te #
#                            mp\light_switch\hal_rf_security.r51               #
#                            C:\Users\Administrator\Desktop\ÎÄ¼þ¼Ð\yjj\1.³ö³§² #
#                            âÊÔ³ÌÐò_re\1.³ö³§²âÊÔ³ÌÐò\ide\srf05_cc2530\iar\te #
#                            mp\light_switch\util.r51                          #
#                            C:\Users\Administrator\Desktop\ÎÄ¼þ¼Ð\yjj\1.³ö³§² #
#                            âÊÔ³ÌÐò_re\1.³ö³§²âÊÔ³ÌÐò\ide\srf05_cc2530\iar\te #
#                            mp\light_switch\util_buffer.r51                   #
#                            -o                                                #
#                            C:\Users\Administrator\Desktop\ÎÄ¼þ¼Ð\yjj\1.³ö³§² #
#                            âÊÔ³ÌÐò_re\1.³ö³§²âÊÔ³ÌÐò\ide\srf05_cc2530\iar\li #
#                            ght_switch.d51                                    #
#                            -l                                                #
#                            C:\Users\Administrator\Desktop\ÎÄ¼þ¼Ð\yjj\1.³ö³§² #
#                            âÊÔ³ÌÐò_re\1.³ö³§²âÊÔ³ÌÐò\ide\srf05_cc2530\iar\te #
#                            mp\light_switch.map                               #
#                            -xmsn                                             #
#                            "-IC:\Program Files\IAR Systems\Embedded Workbenc #
#                            h 6.0 Evaluation_0\8051\LIB\"                     #
#                            -f                                                #
#                            "C:\Program Files\IAR Systems\Embedded Workbench  #
#                            6.0 Evaluation_0\8051\config\devices\Texas Instru #
#                            ments\lnk51ew_cc2530F256_banked.xcl"              #
#                            (-D_IDATA0_START=0x00 -D_IDATA0_END=0xFF          #
#                            -D_PDATA0_START=0x1E00 -D_PDATA0_END=0x1EFF       #
#                            -D_IXDATA0_START=0x0001 -D_IXDATA0_END=0x1EFF     #
#                            -D_XDATA0_START=_IXDATA0_START                    #
#                            -D_XDATA0_END=_IXDATA0_END                        #
#                            -D_NEAR_CODE_START=0x0000                         #
#                            -D_FIRST_BANK_ADDR=0x10000 -D?REGISTER_BANK=0x0   #
#                            -D_REGISTER_BANK_START=0x0 -D_BREG_START=0x00     #
#                            -D?VB=0x20 -D?ESP=0x9B -Z(BIT)BREG=_BREG_START    #
#                            -Z(BIT)BIT_N=0-7F                                 #
#                            -Z(DATA)REGISTERS+8=_REGISTER_BANK_START          #
#                            -Z(DATA)BDATA_Z,BDATA_N,BDATA_I=20-2F             #
#                            -Z(DATA)VREG+_NR_OF_VIRTUAL_REGISTERS=08-7F       #
#                            -Z(DATA)PSP,XSP=08-7F -Z(DATA)DOVERLAY=08-7F      #
#                            -Z(DATA)DATA_I,DATA_Z,DATA_N=08-7F                #
#                            -U(IDATA)0-7F=(DATA)0-7F                          #
#                            -Z(IDATA)IDATA_I,IDATA_Z,IDATA_N=08-_IDATA0_END   #
#                            -Z(IDATA)ISTACK+_IDATA_STACK_SIZE#08-_IDATA0_END  #
#                            -Z(IDATA)IOVERLAY=08-FF -Z(CODE)INTVEC=0          #
#                            -Z(CODE)CSTART=_NEAR_CODE_START-(_CODEBANK_START- #
#                            1)                                                #
#                            -Z(CODE)BIT_ID,BDATA_ID,DATA_ID,IDATA_ID,IXDATA_I #
#                            D,PDATA_ID,XDATA_ID=_NEAR_CODE_START-(_CODEBANK_S #
#                            TART-1)                                           #
#                            -Z(CODE)BANK_RELAYS,RCODE,DIFUNCT,CODE_C,CODE_N,N #
#                            EAR_CODE=_NEAR_CODE_START-(_CODEBANK_START-1)     #
#                            -P(CODE)BANKED_CODE=_NEAR_CODE_START-(_CODEBANK_S #
#                            TART-1),[(_CODEBANK_START+_FIRST_BANK_ADDR)-(_COD #
#                            EBANK_END+_FIRST_BANK_ADDR)]*_NR_OF_BANKS+10000   #
#                            -Z(CODE)CHECKSUM#(_CODEBANK_START-1)              #
#                            -Z(XDATA)PDATA_Z,PDATA_I=_PDATA0_START-_PDATA0_EN #
#                            D                                                 #
#                            -P(XDATA)PDATA_N=_PDATA0_START-_PDATA0_END        #
#                            -Z(XDATA)PSTACK+_PDATA_STACK_SIZE=_PDATA0_START-_ #
#                            PDATA0_END                                        #
#                            -Z(XDATA)EXT_STACK+_EXTENDED_STACK_SIZE=_EXTENDED #
#                            _STACK_START                                      #
#                            -Z(XDATA)XSTACK+_XDATA_STACK_SIZE=_XDATA0_START-_ #
#                            XDATA0_END                                        #
#                            -Z(XDATA)IXDATA_Z,IXDATA_I=_IXDATA0_START-_IXDATA #
#                            0_END                                             #
#                            -P(XDATA)IXDATA_N=_IXDATA0_START-_IXDATA0_END     #
#                            -Z(XDATA)XDATA_Z,XDATA_I=_XDATA0_START-_XDATA0_EN #
#                            D                                                 #
#                            -P(XDATA)XDATA_N=_XDATA0_START-_XDATA0_END        #
#                            -Z(XDATA)XDATA_HEAP+_XDATA_HEAP_SIZE=_XDATA0_STAR #
#                            T-_XDATA0_END                                     #
#                            -Z(CONST)XDATA_ROM_C=_XDATA0_START-_XDATA0_END    #
#                            -cx51                                             #
#                            -M(CODE)[(_CODEBANK_START+_FIRST_BANK_ADDR)-(_COD #
#                            EBANK_END+_FIRST_BANK_ADDR)]*_NR_OF_BANKS+0x10000 #
#                            =0x8000                                           #
#                            -ww69=i -D_BANK0_START=0x00000                    #
#                            -D_BANK0_END=0x07FFF -D_BANK1_START=0x18000       #
#                            -D_BANK1_END=0x1FFFF -D_BANK2_START=0x28000       #
#                            -D_BANK2_END=0x2FFFF -D_BANK3_START=0x38000       #
#                            -D_BANK3_END=0x3FFFF -D_BANK4_START=0x48000       #
#                            -D_BANK4_END=0x4FFFF -D_BANK5_START=0x58000       #
#                            -D_BANK5_END=0x5FFFF -D_BANK6_START=0x68000       #
#                            -D_BANK6_END=0x6FFFF -D_BANK7_START=0x78000       #
#                            -D_BANK7_END=0x7FFFF                              #
#                            -P(CODE)BANK0=_BANK0_START-_BANK0_END             #
#                            -P(CODE)BANK1=_BANK1_START-_BANK1_END             #
#                            -P(CODE)BANK2=_BANK2_START-_BANK2_END             #
#                            -P(CODE)BANK3=_BANK3_START-_BANK3_END             #
#                            -P(CODE)BANK4=_BANK4_START-_BANK4_END             #
#                            -P(CODE)BANK5=_BANK5_START-_BANK5_END             #
#                            -P(CODE)BANK6=_BANK6_START-_BANK6_END             #
#                            -P(CODE)BANK7=_BANK7_START-_BANK7_END             #
#                            -D_FLASH_LOCK_BITS_START=0x7FFF0                  #
#                            -D_FLASH_LOCK_BITS_END=0x7FFFF                    #
#                            -Z(CODE)FLASH_LOCK_BITS=_FLASH_LOCK_BITS_START-_F #
#                            LASH_LOCK_BITS_END                                #
#                            -U(CODE)0x0000=(CODE)_FLASH_LOCK_BITS_START-_FLAS #
#                            H_LOCK_BITS_END)                                  #
#                            -e?BCALL_FF=?BCALL -e?BRET_FF=?BRET               #
#                            -e?BDISPATCH_FF=?BDISPATCH                        #
#                            -D_NR_OF_VIRTUAL_REGISTERS=8 -D?PBANK=0x93        #
#                            -e_medium_write=_formatted_write                  #
#                            -e_medium_read=_formatted_read -rt                #
#                            -Ointel-extended=C:\Users\Administrator\Desktop\Î #
#                            Ä¼þ¼Ð\yjj\1.³ö³§²âÊÔ³ÌÐò_re\1.³ö³§²âÊÔ³ÌÐò\ide\sr #
#                            f05_cc2530\iar\light_switch.hex                   #
#                            -s __program_start                                #
#                            "C:\Program Files\IAR Systems\Embedded Workbench  #
#                            6.0 Evaluation_0\8051\LIB\CLIB\cl-pli-blpd-1e16x0 #
#                            1.r51"                                            #
#                            -D_IDATA_STACK_SIZE=0x40                          #
#                            -D_EXTENDED_STACK_START=0x00                      #
#                            -D_EXTENDED_STACK_SIZE=0x00                       #
#                            -D_PDATA_STACK_SIZE=0x80                          #
#                            -D_XDATA_STACK_SIZE=0x100                         #
#                            -D_XDATA_HEAP_SIZE=0xFF -D_FAR_HEAP_SIZE=0xFFF    #
#                            -D_HUGE_HEAP_SIZE=0xFFF                           #
#                            -D_FAR22_HEAP_SIZE=0xFFF                          #
#                                                                              #
#                           Copyright (C) 1987-2010 IAR Systems AB.            #
################################################################################





                ****************************************
                *                                      *
                *           CROSS REFERENCE            *
                *                                      *
                ****************************************

       Program entry at : CODE      000000E3  Relocatable, from module : CSTARTUP




                ****************************************
                *                                      *
                *            RUNTIME MODEL             *
                *                                      *
                ****************************************

  __SystemLibrary          = CLib
  __calling_convention     = pdata_reentrant
  __code_model             = banked
  __core                   = plain
  __data_model             = large
  __dptr_size              = 16
  __extended_stack         = disabled
  __location_for_constants = data
  __number_of_dptrs        = 1
  __rt_version             = 1



                ****************************************
                *                                      *
                *              MODULE MAP              *
                *                                      *
                ****************************************


  DEFINED ABSOLUTE ENTRIES
    *************************************************************************

  DEFINED ABSOLUTE ENTRIES
  PROGRAM MODULE, NAME : ?ABS_ENTRY_MOD

Absolute parts
           ENTRY                   ADDRESS         REF BY
           =====                   =======         ======
           _FAR22_HEAP_SIZE        00000FFF 
           _HUGE_HEAP_SIZE         00000FFF 
           _FAR_HEAP_SIZE          00000FFF 
           _XDATA_HEAP_SIZE        000000FF 
           _XDATA_STACK_SIZE       00000100 
           _PDATA_STACK_SIZE       00000080 
           _EXTENDED_STACK_SIZE    00000000 
           _EXTENDED_STACK_START   00000000 
           _IDATA_STACK_SIZE       00000040 
           ?PBANK                  00000093        ?RESET_PDATA_BANK (CSTARTUP)
           _NR_OF_VIRTUAL_REGISTERS
                                   00000008 
           _FLASH_LOCK_BITS_END    0003FFFF 
           _FLASH_LOCK_BITS_START
                                   0003FFF0 
           _BANK7_END              0003FFFF 
           _BANK7_START            00038000 
           _BANK6_END              00037FFF 
           _BANK6_START            00030000 
           _BANK5_END              0002FFFF 
           _BANK5_START            00028000 
           _BANK4_END              00027FFF 
           _BANK4_START            00020000 
           _BANK3_END              0001FFFF 
           _BANK3_START            00018000 
           _BANK2_END              00017FFF 
           _BANK2_START            00010000 
           _BANK1_END              0000FFFF 
           _BANK1_START            00008000 
           _BANK0_END              00007FFF 
           _BANK0_START            00000000 
           ?ESP                    0000009B 
           ?VB                     00000020        ?BANKED_ENTER_PDATA (?BANKED_ENTER_PDATA)
                                                   ?BANKED_LEAVE_PDATA (?BANKED_LEAVE_PDATA)
                                                   ?INTERRUPT_ENTER_PSP (?INTERRUPT_ENTER_PSP)
                                                   ?INTERRUPT_LEAVE_PSP (?INTERRUPT_LEAVE_PSP)
           _BREG_START             00000000 
           _REGISTER_BANK_START    00000000 
           ?REGISTER_BANK          00000000        Segment part 6 (CSTARTUP)
           _FIRST_BANK_ADDR        00010000 
           _NEAR_CODE_START        00000000 
           _XDATA0_END             00001EFF 
           _XDATA0_START           00000001 
           _IXDATA0_END            00001EFF 
           _IXDATA0_START          00000001 
           _PDATA0_END             00001EFF 
           _PDATA0_START           00001E00 
           _IDATA0_END             000000FF 
           _IDATA0_START           00000000 
           ?CBANK                  0000009F        ?RESET_CODE_BANK (CSTARTUP)
                                                   Segment part 0 (?BANKED_CODE_SUPPORT)
           ?CBANK_MASK             000000FF 
           _CODEBANK_START         00008000 
           _CODEBANK_END           0000FFFF 
           _NR_OF_BANKS            00000007 
    *************************************************************************

  FILE NAME : C:\Users\Administrator\Desktop\ÎÄ¼þ¼Ð\yjj\1.³ö³§²âÊÔ³ÌÐò_re\1.³ö³§²âÊÔ³ÌÐò\ide\srf05_cc2530\iar\temp\light_switch\Initial.r51
    *************************************************************************

  FILE NAME : C:\Users\Administrator\Desktop\ÎÄ¼þ¼Ð\yjj\1.³ö³§²âÊÔ³ÌÐò_re\1.³ö³§²âÊÔ³ÌÐò\ide\srf05_cc2530\iar\temp\light_switch\adc.r51
    *************************************************************************

  FILE NAME : C:\Users\Administrator\Desktop\ÎÄ¼þ¼Ð\yjj\1.³ö³§²âÊÔ³ÌÐò_re\1.³ö³§²âÊÔ³ÌÐò\ide\srf05_cc2530\iar\temp\light_switch\basic_rf.r51
  PROGRAM MODULE, NAME : basic_rf

  SEGMENTS IN THE MODULE
  ======================
XDATA_I
  Relative segment, address: XDATA 00000094 - 00000098 (0x5 bytes), align: 0
  Segment part 29.            Intra module refs:   Key
    -------------------------------------------------------------------------
XDATA_I
  Relative segment, address: XDATA 00000099 - 000000A4 (0xc bytes), align: 0
  Segment part 31.            Intra module refs:   Key
    -------------------------------------------------------------------------
XDATA_I
  Relative segment, address: XDATA 000000A5 - 000000B0 (0xc bytes), align: 0
  Segment part 33.            Intra module refs:   Key
    -------------------------------------------------------------------------
XDATA_I
  Relative segment, address: XDATA 000000B1 - 000000B8 (0x8 bytes), align: 0
  Segment part 35.            Intra module refs:   Key
    -------------------------------------------------------------------------
XDATA_I
  Relative segment, address: XDATA 000000B9 - 000000C6 (0xe bytes), align: 0
  Segment part 37.            Intra module refs:   main
    -------------------------------------------------------------------------
XDATA_I
  Relative segment, address: XDATA 000000C7 - 000000D2 (0xc bytes), align: 0
  Segment part 39.            Intra module refs:   basicRfInit
                                                   basicRfRxFrmDoneIsr
                                                   main
           LOCAL                   ADDRESS         
           =====                   =======         
           rxi                     000000C7 
    -------------------------------------------------------------------------
XDATA_Z
  Relative segment, address: XDATA 00000001 - 00000007 (0x7 bytes), align: 0
  Segment part 41.            Intra module refs:   basicRfInit
                                                   basicRfRxFrmDoneIsr
                                                   main
           LOCAL                   ADDRESS         
           =====                   =======         
           txState                 00000001 
    -------------------------------------------------------------------------
XDATA_Z
  Relative segment, address: XDATA 00000008 - 00000009 (0x2 bytes), align: 0
  Segment part 42.            Intra module refs:   ?Subroutine1
                                                   basicRfInit
           LOCAL                   ADDRESS         
           =====                   =======         
           pConfig                 00000008 
    -------------------------------------------------------------------------
XDATA_Z
  Relative segment, address: XDATA 0000000A - 00000089 (0x80 bytes), align: 0
  Segment part 43.            Intra module refs:   ?Subroutine2
                                                   basicRfRxFrmDoneIsr
           LOCAL                   ADDRESS         
           =====                   =======         
           rxMpdu                  0000000A 
    -------------------------------------------------------------------------
<BANKED_CODE> 1 (was BANKED_CODE)
  Relative segment, address: CODE 000007B6 - 0000088C (0xd7 bytes), align: 0
  Segment part 82.            Intra module refs:   basicRfRxFrmDoneIsr::?relay
           LOCAL                   ADDRESS         
           =====                   =======         
           basicRfRxFrmDoneIsr     000007B6 
               calls direct, is indirectly called
    -------------------------------------------------------------------------
<BANKED_CODE> 1 (was BANKED_CODE)
  Relative segment, address: CODE 0000088D - 0000089A (0xe bytes), align: 0
  Segment part 84.            Intra module refs:   basicRfRxFrmDoneIsr
           LOCAL                   ADDRESS         
           =====                   =======         
           ?Subroutine2            0000088D 
    -------------------------------------------------------------------------
<BANKED_CODE> 1 (was BANKED_CODE)
  Relative segment, address: CODE 0000089B - 00000921 (0x87 bytes), align: 0
  Segment part 85.            Intra module refs:   basicRfInit::?relay
           ENTRY                   ADDRESS         REF BY
           =====                   =======         ======
           basicRfInit             0000089B 
               calls direct
               PSTACK = 00000003 ( 00000007 )
    -------------------------------------------------------------------------
<BANKED_CODE> 1 (was BANKED_CODE)
  Relative segment, address: CODE 00000922 - 0000092F (0xe bytes), align: 0
  Segment part 87.            Intra module refs:   basicRfInit
           LOCAL                   ADDRESS         
           =====                   =======         
           ?Subroutine1            00000922 
    -------------------------------------------------------------------------
SFR_AN
  Relative segment, address: DATA 00000080 - 00000080 (0x1 bytes), align: 0
  Segment part 1. ROOT.       Intra module refs:   initial_lcd
                                                   transfer_command_lcd
                                                   transfer_data_lcd
           ENTRY                   ADDRESS         REF BY
           =====                   =======         ======
           _A_P0                   00000080 
           LOCAL                   ADDRESS         
           =====                   =======         
           P0                      00000080 
    -------------------------------------------------------------------------
SFR_AN
  Relative segment, address: DATA 00000086 - 00000086 (0x1 bytes), align: 0
  Segment part 2. ROOT.       Intra module refs:   main
           ENTRY                   ADDRESS         REF BY
           =====                   =======         ======
           U0CSR                   00000086 
    -------------------------------------------------------------------------
SFR_AN
  Relative segment, address: DATA 00000090 - 00000090 (0x1 bytes), align: 0
  Segment part 3. ROOT.       Intra module refs:   Key
                                                   LCD_write_char
                                                   LCD_write_english_string
                                                   display_graphic_16x16
                                                   initial_lcd
                                                   main
           ENTRY                   ADDRESS         REF BY
           =====                   =======         ======
           _A_P1                   00000090 
           LOCAL                   ADDRESS         
           =====                   =======         
           P1                      00000090 
    -------------------------------------------------------------------------
SFR_AN
  Relative segment, address: DATA 0000009A - 0000009A (0x1 bytes), align: 0
  Segment part 4. ROOT.       Intra module refs:   halRfDisableRxInterrupt
                                                   halRfEnableRxInterrupt
           ENTRY                   ADDRESS         REF BY
           =====                   =======         ======
           IEN2                    0000009A 
    -------------------------------------------------------------------------
SFR_AN
  Relative segment, address: DATA 0000009B - 0000009B (0x1 bytes), align: 0
  Segment part 5. ROOT.       Intra module refs:   rfIsr
           ENTRY                   ADDRESS         REF BY
           =====                   =======         ======
           S1CON                   0000009B 
    -------------------------------------------------------------------------
SFR_AN
  Relative segment, address: DATA 0000009D - 0000009D (0x1 bytes), align: 0
  Segment part 6. ROOT.       Intra module refs:   clockSetMainSrc
           ENTRY                   ADDRESS         REF BY
           =====                   =======         ======
           SLEEPSTA                0000009D 
    -------------------------------------------------------------------------
SFR_AN
  Relative segment, address: DATA 0000009E - 0000009E (0x1 bytes), align: 0
  Segment part 7. ROOT.       Intra module refs:   clockSelect32k
                                                   clockSetMainSrc
                                                   main
           ENTRY                   ADDRESS         REF BY
           =====                   =======         ======
           CLKCONSTA               0000009E 
    -------------------------------------------------------------------------
SFR_AN
  Relative segment, address: DATA 000000A8 - 000000A8 (0x1 bytes), align: 0
  Segment part 8. ROOT.       Intra module refs:   basicRfInit
                                                   basicRfRxFrmDoneIsr
                                                   main
                                                   rfIsr
           ENTRY                   ADDRESS         REF BY
           =====                   =======         ======
           _A_IEN0                 000000A8 
           LOCAL                   ADDRESS         
           =====                   =======         
           IEN0                    000000A8 
    -------------------------------------------------------------------------
SFR_AN
  Relative segment, address: DATA 000000BE - 000000BE (0x1 bytes), align: 0
  Segment part 9. ROOT.       Intra module refs:   clockSetMainSrc
           ENTRY                   ADDRESS         REF BY
           =====                   =======         ======
           SLEEPCMD                000000BE 
    -------------------------------------------------------------------------
SFR_AN
  Relative segment, address: DATA 000000C1 - 000000C1 (0x1 bytes), align: 0
  Segment part 10. ROOT.      Intra module refs:   UartTX_Send_String
           ENTRY                   ADDRESS         REF BY
           =====                   =======         ======
           U0DBUF                  000000C1 
    -------------------------------------------------------------------------
SFR_AN
  Relative segment, address: DATA 000000C2 - 000000C2 (0x1 bytes), align: 0
  Segment part 11. ROOT.      Intra module refs:   main
           ENTRY                   ADDRESS         REF BY
           =====                   =======         ======
           U0BAUD                  000000C2 
    -------------------------------------------------------------------------
SFR_AN
  Relative segment, address: DATA 000000C5 - 000000C5 (0x1 bytes), align: 0
  Segment part 12. ROOT.      Intra module refs:   main
           ENTRY                   ADDRESS         REF BY
           =====                   =======         ======
           U0GCR                   000000C5 
    -------------------------------------------------------------------------
SFR_AN
  Relative segment, address: DATA 000000C6 - 000000C6 (0x1 bytes), align: 0
  Segment part 13. ROOT.      Intra module refs:   clockSelect32k
                                                   clockSetMainSrc
                                                   main
           ENTRY                   ADDRESS         REF BY
           =====                   =======         ======
           CLKCONCMD               000000C6 
    -------------------------------------------------------------------------
SFR_AN
  Relative segment, address: DATA 000000D9 - 000000D9 (0x1 bytes), align: 0
  Segment part 14. ROOT.      Intra module refs:   halRfReadRxBuf
           ENTRY                   ADDRESS         REF BY
           =====                   =======         ======
           RFD                     000000D9 
    -------------------------------------------------------------------------
SFR_AN
  Relative segment, address: DATA 000000E1 - 000000E1 (0x1 bytes), align: 0
  Segment part 15. ROOT.      Intra module refs:   main
           ENTRY                   ADDRESS         REF BY
           =====                   =======         ======
           RFST                    000000E1 
    -------------------------------------------------------------------------
SFR_AN
  Relative segment, address: DATA 000000E8 - 000000E8 (0x1 bytes), align: 0
  Segment part 16. ROOT.      Intra module refs:   UartTX_Send_String
                                                   main
           ENTRY                   ADDRESS         REF BY
           =====                   =======         ======
           _A_IRCON2               000000E8 
           LOCAL                   ADDRESS         
           =====                   =======         
           IRCON2                  000000E8 
    -------------------------------------------------------------------------
SFR_AN
  Relative segment, address: DATA 000000E9 - 000000E9 (0x1 bytes), align: 0
  Segment part 17. ROOT.      Intra module refs:   rfIsr
           ENTRY                   ADDRESS         REF BY
           =====                   =======         ======
           RFIRQF0                 000000E9 
    -------------------------------------------------------------------------
SFR_AN
  Relative segment, address: DATA 000000F1 - 000000F1 (0x1 bytes), align: 0
  Segment part 18. ROOT.      Intra module refs:   main
           ENTRY                   ADDRESS         REF BY
           =====                   =======         ======
           PERCFG                  000000F1 
    -------------------------------------------------------------------------
SFR_AN
  Relative segment, address: DATA 000000F3 - 000000F3 (0x1 bytes), align: 0
  Segment part 19. ROOT.      Intra module refs:   main
           ENTRY                   ADDRESS         REF BY
           =====                   =======         ======
           P0SEL                   000000F3 
    -------------------------------------------------------------------------
SFR_AN
  Relative segment, address: DATA 000000FD - 000000FD (0x1 bytes), align: 0
  Segment part 20. ROOT.      Intra module refs:   main
           ENTRY                   ADDRESS         REF BY
           =====                   =======         ======
           P0DIR                   000000FD 
    -------------------------------------------------------------------------
SFR_AN
  Relative segment, address: DATA 000000FE - 000000FE (0x1 bytes), align: 0
  Segment part 21. ROOT.      Intra module refs:   main
           ENTRY                   ADDRESS         REF BY
           =====                   =======         ======
           P1DIR                   000000FE 
    -------------------------------------------------------------------------
SFR_AN
  Relative segment, address: DATA 000000FF - 000000FF (0x1 bytes), align: 0
  Segment part 22. ROOT.      Intra module refs:   main
           ENTRY                   ADDRESS         REF BY
           =====                   =======         ======
           P2DIR                   000000FF 
    -------------------------------------------------------------------------
<BANKED_CODE> 1 (was BANKED_CODE)
  Relative segment, address: CODE 00000930 - 00000963 (0x34 bytes), align: 0
  Segment part 88.            Intra module refs:   clockSetMainSrc::?relay
           ENTRY                   ADDRESS         REF BY
           =====                   =======         ======
           clockSetMainSrc         00000930 
               PSTACK = 00000003 ( 00000000 )
    -------------------------------------------------------------------------
<BANKED_CODE> 1 (was BANKED_CODE)
  Relative segment, address: CODE 00000964 - 0000098C (0x29 bytes), align: 0
  Segment part 90.            Intra module refs:   clockSelect32k::?relay
           ENTRY                   ADDRESS         REF BY
           =====                   =======         ======
           clockSelect32k          00000964 
               PSTACK = 00000003 ( 00000000 )
    -------------------------------------------------------------------------
<BANKED_CODE> 1 (was BANKED_CODE)
  Relative segment, address: CODE 0000098D - 000009B9 (0x2d bytes), align: 0
  Segment part 92.            Intra module refs:   halMcuWaitUs::?relay
           ENTRY                   ADDRESS         REF BY
           =====                   =======         ======
           halMcuWaitUs            0000098D 
               PSTACK = 00000007 ( 00000000 )
    -------------------------------------------------------------------------
<BANKED_CODE> 1 (was BANKED_CODE)
  Relative segment, address: CODE 000009BA - 000009E0 (0x27 bytes), align: 0
  Segment part 94.            Intra module refs:   halMcuWaitMs::?relay
           ENTRY                   ADDRESS         REF BY
           =====                   =======         ======
           halMcuWaitMs            000009BA 
               calls direct
               PSTACK = 00000003 ( 00000007 )
    -------------------------------------------------------------------------
XDATA_Z
  Relative segment, address: XDATA 0000008A - 0000008B (0x2 bytes), align: 0
  Segment part 44.            Intra module refs:   basicRfInit
                                                   rfIsr
           LOCAL                   ADDRESS         
           =====                   =======         
           pfISR                   0000008A 
    -------------------------------------------------------------------------
<BANKED_CODE> 1 (was BANKED_CODE)
  Relative segment, address: CODE 000009E1 - 00000A00 (0x20 bytes), align: 0
  Segment part 96.            Intra module refs:   halRfInit::?relay
           ENTRY                   ADDRESS         REF BY
           =====                   =======         ======
           halRfInit               000009E1 
               calls direct
               PSTACK = 00000007 ( 00000000 )
    -------------------------------------------------------------------------
<BANKED_CODE> 1 (was BANKED_CODE)
  Relative segment, address: CODE 00000A01 - 00000A15 (0x15 bytes), align: 0
  Segment part 98.            Intra module refs:   halRfReadRxBuf::?relay
           ENTRY                   ADDRESS         REF BY
           =====                   =======         ======
           halRfReadRxBuf          00000A01 
               ISTACK = 00000000 ( 00000001 )
    -------------------------------------------------------------------------
<BANKED_CODE> 1 (was BANKED_CODE)
  Relative segment, address: CODE 00000A16 - 00000A22 (0xd bytes), align: 0
  Segment part 100.           Intra module refs:   halRfDisableRxInterrupt::?relay
           ENTRY                   ADDRESS         REF BY
           =====                   =======         ======
           halRfDisableRxInterrupt
                                   00000A16 
    -------------------------------------------------------------------------
<BANKED_CODE> 1 (was BANKED_CODE)
  Relative segment, address: CODE 00000A23 - 00000A2F (0xd bytes), align: 0
  Segment part 102.           Intra module refs:   halRfEnableRxInterrupt::?relay
           ENTRY                   ADDRESS         REF BY
           =====                   =======         ======
           halRfEnableRxInterrupt
                                   00000A23 
    -------------------------------------------------------------------------
NEAR_CODE
  Relative segment, address: CODE 0000077E - 000007B5 (0x38 bytes), align: 0
  Segment part 135.           Intra module refs:   rfIsr::??INTVEC 131
           ENTRY                   ADDRESS         REF BY
           =====                   =======         ======
           rfIsr                   0000077E 
               interrupt function
               PSTACK = 00000000 ( 0000000E )
    -------------------------------------------------------------------------
XDATA_I
  Relative segment, address: XDATA 000000D3 - 000002FA (0x228 bytes), align: 0
  Segment part 45.            Intra module refs:   LCD_write_char
           LOCAL                   ADDRESS         
           =====                   =======         
           font6x8                 000000D3 
    -------------------------------------------------------------------------
<BANKED_CODE> 1 (was BANKED_CODE)
  Relative segment, address: CODE 00000A30 - 00000A59 (0x2a bytes), align: 0
  Segment part 104.           Intra module refs:   transfer_command_lcd::?relay
           ENTRY                   ADDRESS         REF BY
           =====                   =======         ======
           transfer_command_lcd    00000A30 
               calls direct
               PSTACK = 00000007 ( 00000007 )
    -------------------------------------------------------------------------
<BANKED_CODE> 1 (was BANKED_CODE)
  Relative segment, address: CODE 00000A5A - 00000A7C (0x23 bytes), align: 0
  Segment part 106.           Intra module refs:   transfer_data_lcd::?relay
           ENTRY                   ADDRESS         REF BY
           =====                   =======         ======
           transfer_data_lcd       00000A5A 
               calls direct
               PSTACK = 0000000E ( 00000007 )
    -------------------------------------------------------------------------
<BANKED_CODE> 1 (was BANKED_CODE)
  Relative segment, address: CODE 00000A7D - 00000A81 (0x5 bytes), align: 0
  Segment part 108.           Intra module refs:   basicRfInit
                                                   lcd_address
                                                   transfer_command_lcd
                                                   transfer_data_lcd
           LOCAL                   ADDRESS         
           =====                   =======         
           ?Subroutine0            00000A7D 
    -------------------------------------------------------------------------
<BANKED_CODE> 1 (was BANKED_CODE)
  Relative segment, address: CODE 00000A82 - 00000A96 (0x15 bytes), align: 0
  Segment part 109.           Intra module refs:   transfer_command_lcd
                                                   transfer_data_lcd
           LOCAL                   ADDRESS         
           =====                   =======         
           ?Subroutine6            00000A82 
    -------------------------------------------------------------------------
<BANKED_CODE> 1 (was BANKED_CODE)
  Relative segment, address: CODE 00000A97 - 00000AB3 (0x1d bytes), align: 0
  Segment part 110.           Intra module refs:   delay::?relay
           ENTRY                   ADDRESS         REF BY
           =====                   =======         ======
           delay                   00000A97 
    -------------------------------------------------------------------------
<BANKED_CODE> 1 (was BANKED_CODE)
  Relative segment, address: CODE 00000AB4 - 00000AC0 (0xd bytes), align: 0
  Segment part 112.           Intra module refs:   LCD_delay::?relay
           ENTRY                   ADDRESS         REF BY
           =====                   =======         ======
           LCD_delay               00000AB4 
               PSTACK = 00000007 ( 00000000 )
    -------------------------------------------------------------------------
<BANKED_CODE> 1 (was BANKED_CODE)
  Relative segment, address: CODE 00000AC1 - 00000B25 (0x65 bytes), align: 0
  Segment part 114.           Intra module refs:   initial_lcd::?relay
           ENTRY                   ADDRESS         REF BY
           =====                   =======         ======
           initial_lcd             00000AC1 
               calls direct
               PSTACK = 00000003 ( 00000000 )
    -------------------------------------------------------------------------
<BANKED_CODE> 1 (was BANKED_CODE)
  Relative segment, address: CODE 00000B26 - 00000B32 (0xd bytes), align: 0
  Segment part 116.           Intra module refs:   initial_lcd
           LOCAL                   ADDRESS         
           =====                   =======         
           ?Subroutine5            00000B26 
    -------------------------------------------------------------------------
<BANKED_CODE> 1 (was BANKED_CODE)
  Relative segment, address: CODE 00000B33 - 00000B5D (0x2b bytes), align: 0
  Segment part 117.           Intra module refs:   lcd_address::?relay
           ENTRY                   ADDRESS         REF BY
           =====                   =======         ======
           lcd_address             00000B33 
               calls direct
               PSTACK = 0000000E ( 00000007 )
    -------------------------------------------------------------------------
<BANKED_CODE> 1 (was BANKED_CODE)
  Relative segment, address: CODE 00000B5E - 00000BC2 (0x65 bytes), align: 0
  Segment part 119.           Intra module refs:   display_graphic_16x16::?relay
           ENTRY                   ADDRESS         REF BY
           =====                   =======         ======
           display_graphic_16x16   00000B5E 
               calls direct
               PSTACK = 00000002 ( 0000000E )
    -------------------------------------------------------------------------
<BANKED_CODE> 1 (was BANKED_CODE)
  Relative segment, address: CODE 00000BC3 - 00000BFE (0x3c bytes), align: 0
  Segment part 121.           Intra module refs:   LCD_write_char::?relay
           ENTRY                   ADDRESS         REF BY
           =====                   =======         ======
           LCD_write_char          00000BC3 
               calls direct
               PSTACK = 0000000A ( 00000008 )
    -------------------------------------------------------------------------
<BANKED_CODE> 1 (was BANKED_CODE)
  Relative segment, address: CODE 00000BFF - 00000C06 (0x8 bytes), align: 0
  Segment part 123.           Intra module refs:   LCD_write_char
                                                   display_graphic_16x16
           LOCAL                   ADDRESS         
           =====                   =======         
           ?Subroutine3            00000BFF 
    -------------------------------------------------------------------------
<BANKED_CODE> 1 (was BANKED_CODE)
  Relative segment, address: CODE 00000C07 - 00000C3D (0x37 bytes), align: 0
  Segment part 124.           Intra module refs:   LCD_write_english_string::?relay
           ENTRY                   ADDRESS         REF BY
           =====                   =======         ======
           LCD_write_english_string
                                   00000C07 
               calls direct
               PSTACK = 00000003 ( 0000000A )
    -------------------------------------------------------------------------
XDATA_Z
  Relative segment, address: XDATA 0000008C - 0000008C (0x1 bytes), align: 0
  Segment part 47.            Intra module refs:   main
           LOCAL                   ADDRESS         
           =====                   =======         
           pRxData                 0000008C 
    -------------------------------------------------------------------------
XDATA_Z
  Relative segment, address: XDATA 0000008D - 00000092 (0x6 bytes), align: 0
  Segment part 48.            Intra module refs:   main
           LOCAL                   ADDRESS         
           =====                   =======         
           basicRfConfig           0000008D 
    -------------------------------------------------------------------------
XDATA_Z
  Relative segment, address: XDATA 00000093 - 00000093 (0x1 bytes), align: 0
  Segment part 49.            Intra module refs:   main
           ENTRY                   ADDRESS         REF BY
           =====                   =======         ======
           v                       00000093 
    -------------------------------------------------------------------------
XDATA_I
  Relative segment, address: XDATA 000002FB - 0000030B (0x11 bytes), align: 0
  Segment part 50.            Intra module refs:   Key
           ENTRY                   ADDRESS         REF BY
           =====                   =======         ======
           hello                   000002FB 
    -------------------------------------------------------------------------
XDATA_I
  Relative segment, address: XDATA 0000030C - 00000329 (0x1e bytes), align: 0
  Segment part 52.            Intra module refs:   Key
           ENTRY                   ADDRESS         REF BY
           =====                   =======         ======
           dang                    0000030C 
    -------------------------------------------------------------------------
XDATA_I
  Relative segment, address: XDATA 0000032A - 00000347 (0x1e bytes), align: 0
  Segment part 54.            Intra module refs:   Key
           ENTRY                   ADDRESS         REF BY
           =====                   =======         ======
           qian                    0000032A 
    -------------------------------------------------------------------------
XDATA_I
  Relative segment, address: XDATA 00000348 - 00000365 (0x1e bytes), align: 0
  Segment part 56.            Intra module refs:   Key
           ENTRY                   ADDRESS         REF BY
           =====                   =======         ======
           shi                     00000348 
    -------------------------------------------------------------------------
XDATA_I
  Relative segment, address: XDATA 00000366 - 00000383 (0x1e bytes), align: 0
  Segment part 58.            Intra module refs:   Key
           ENTRY                   ADDRESS         REF BY
           =====                   =======         ======
           su                      00000366 
    -------------------------------------------------------------------------
XDATA_I
  Relative segment, address: XDATA 00000384 - 000003A1 (0x1e bytes), align: 0
  Segment part 60.            Intra module refs:   Key
           ENTRY                   ADDRESS         REF BY
           =====                   =======         ======
           jin                     00000384 
    -------------------------------------------------------------------------
XDATA_I
  Relative segment, address: XDATA 000003A2 - 000003BF (0x1e bytes), align: 0
  Segment part 62.            Intra module refs:   Key
           ENTRY                   ADDRESS         REF BY
           =====                   =======         ======
           tian                    000003A2 
    -------------------------------------------------------------------------
XDATA_I
  Relative segment, address: XDATA 000003C0 - 000003DD (0x1e bytes), align: 0
  Segment part 64.            Intra module refs:   Key
           ENTRY                   ADDRESS         REF BY
           =====                   =======         ======
           qi                      000003C0 
    -------------------------------------------------------------------------
XDATA_I
  Relative segment, address: XDATA 000003DE - 000003FB (0x1e bytes), align: 0
  Segment part 66.            Intra module refs:   Key
           ENTRY                   ADDRESS         REF BY
           =====                   =======         ======
           shi1                    000003DE 
    -------------------------------------------------------------------------
XDATA_I
  Relative segment, address: XDATA 000003FC - 00000419 (0x1e bytes), align: 0
  Segment part 68.            Intra module refs:   Key
           ENTRY                   ADDRESS         REF BY
           =====                   =======         ======
           qing                    000003FC 
    -------------------------------------------------------------------------
XDATA_I
  Relative segment, address: XDATA 0000041A - 00000437 (0x1e bytes), align: 0
  Segment part 70.            Intra module refs:   Key
           ENTRY                   ADDRESS         REF BY
           =====                   =======         ======
           guo                     0000041A 
    -------------------------------------------------------------------------
XDATA_I
  Relative segment, address: XDATA 00000438 - 00000455 (0x1e bytes), align: 0
  Segment part 72.            Intra module refs:   Key
           ENTRY                   ADDRESS         REF BY
           =====                   =======         ======
           nei                     00000438 
    -------------------------------------------------------------------------
XDATA_I
  Relative segment, address: XDATA 00000456 - 00000473 (0x1e bytes), align: 0
  Segment part 74.            Intra module refs:   Key
           ENTRY                   ADDRESS         REF BY
           =====                   =======         ======
           xiao                    00000456 
    -------------------------------------------------------------------------
XDATA_I
  Relative segment, address: XDATA 00000474 - 00000491 (0x1e bytes), align: 0
  Segment part 76.            Intra module refs:   Key
           ENTRY                   ADDRESS         REF BY
           =====                   =======         ======
           xi                      00000474 
    -------------------------------------------------------------------------
XDATA_I
  Relative segment, address: XDATA 00000492 - 000004AF (0x1e bytes), align: 0
  Segment part 78.            Intra module refs:   Key
           ENTRY                   ADDRESS         REF BY
           =====                   =======         ======
           you                     00000492 
    -------------------------------------------------------------------------
XDATA_I
  Relative segment, address: XDATA 000004B0 - 000004B3 (0x4 bytes), align: 0
  Segment part 80.            Intra module refs:   basicRfInit
           ENTRY                   ADDRESS         REF BY
           =====                   =======         ======
           __Constant_0            000004B0 
    -------------------------------------------------------------------------
<BANKED_CODE> 1 (was BANKED_CODE)
  Relative segment, address: CODE 00000C3E - 00000C7B (0x3e bytes), align: 0
  Segment part 126.           Intra module refs:   UartTX_Send_String::?relay
           ENTRY                   ADDRESS         REF BY
           =====                   =======         ======
           UartTX_Send_String      00000C3E 
               ISTACK = 00000000 ( 00000001 )
    -------------------------------------------------------------------------
<BANKED_CODE> 1 (was BANKED_CODE)
  Relative segment, address: CODE 00000C7C - 00000DF8 (0x17d bytes), align: 0
  Segment part 128.           Intra module refs:   Key::?relay
           ENTRY                   ADDRESS         REF BY
           =====                   =======         ======
           Key                     00000C7C 
               calls direct
               PSTACK = 00000003 ( 00000002 )
               ISTACK = 00000000 ( 00000002 )
    -------------------------------------------------------------------------
<BANKED_CODE> 1 (was BANKED_CODE)
  Relative segment, address: CODE 00000DF9 - 00000E03 (0xb bytes), align: 0
  Segment part 130.           Intra module refs:   Key
           LOCAL                   ADDRESS         
           =====                   =======         
           ?Subroutine7            00000DF9 
    -------------------------------------------------------------------------
<BANKED_CODE> 1 (was BANKED_CODE)
  Relative segment, address: CODE 00000E04 - 00000E07 (0x4 bytes), align: 0
  Segment part 131.           Intra module refs:   Key
           LOCAL                   ADDRESS         
           =====                   =======         
           ?Subroutine4            00000E04 
    -------------------------------------------------------------------------
<BANKED_CODE> 1 (was BANKED_CODE)
  Relative segment, address: CODE 00000E08 - 00000E11 (0xa bytes), align: 0
  Segment part 132.           Intra module refs:   ?Subroutine4
                                                   Key
    -------------------------------------------------------------------------
<BANKED_CODE> 1 (was BANKED_CODE)
  Relative segment, address: CODE 00000E12 - 00000FB8 (0x1a7 bytes), align: 0
  Segment part 133.
           ENTRY                   ADDRESS         REF BY
           =====                   =======         ======
           main                    00000E12        ?call_main (?cmain)
               calls direct
               PSTACK = 00000000 ( 00000005 )
               ISTACK = 00000000 ( 00000001 )
    -------------------------------------------------------------------------
INTVEC
  Common segment, address: CODE 00000000 - 00000085 (0x86 bytes), align: 0
  Segment part 23. ROOT.
           ENTRY                   ADDRESS         REF BY
           =====                   =======         ======
           rfIsr::??INTVEC 131     00000083 
    -------------------------------------------------------------------------
XDATA_ID
  Relative segment, address: CODE 00000116 - 0000011A (0x5 bytes), align: 0
  Segment part 30.            Intra module refs:   Segment part 29
    -------------------------------------------------------------------------
XDATA_ID
  Relative segment, address: CODE 0000011B - 00000126 (0xc bytes), align: 0
  Segment part 32.            Intra module refs:   Segment part 31
    -------------------------------------------------------------------------
XDATA_ID
  Relative segment, address: CODE 00000127 - 00000132 (0xc bytes), align: 0
  Segment part 34.            Intra module refs:   Segment part 33
    -------------------------------------------------------------------------
XDATA_ID
  Relative segment, address: CODE 00000133 - 0000013A (0x8 bytes), align: 0
  Segment part 36.            Intra module refs:   Segment part 35
    -------------------------------------------------------------------------
XDATA_ID
  Relative segment, address: CODE 0000013B - 00000148 (0xe bytes), align: 0
  Segment part 38.            Intra module refs:   Segment part 37
    -------------------------------------------------------------------------
XDATA_ID
  Relative segment, address: CODE 00000149 - 00000154 (0xc bytes), align: 0
  Segment part 40.            Intra module refs:   rxi
    -------------------------------------------------------------------------
XDATA_ID
  Relative segment, address: CODE 00000155 - 0000037C (0x228 bytes), align: 0
  Segment part 46.            Intra module refs:   font6x8
    -------------------------------------------------------------------------
XDATA_ID
  Relative segment, address: CODE 0000037D - 0000038D (0x11 bytes), align: 0
  Segment part 51.            Intra module refs:   hello
    -------------------------------------------------------------------------
XDATA_ID
  Relative segment, address: CODE 0000038E - 000003AB (0x1e bytes), align: 0
  Segment part 53.            Intra module refs:   dang
    -------------------------------------------------------------------------
XDATA_ID
  Relative segment, address: CODE 000003AC - 000003C9 (0x1e bytes), align: 0
  Segment part 55.            Intra module refs:   qian
    -------------------------------------------------------------------------
XDATA_ID
  Relative segment, address: CODE 000003CA - 000003E7 (0x1e bytes), align: 0
  Segment part 57.            Intra module refs:   shi
    -------------------------------------------------------------------------
XDATA_ID
  Relative segment, address: CODE 000003E8 - 00000405 (0x1e bytes), align: 0
  Segment part 59.            Intra module refs:   su
    -------------------------------------------------------------------------
XDATA_ID
  Relative segment, address: CODE 00000406 - 00000423 (0x1e bytes), align: 0
  Segment part 61.            Intra module refs:   jin
    -------------------------------------------------------------------------
XDATA_ID
  Relative segment, address: CODE 00000424 - 00000441 (0x1e bytes), align: 0
  Segment part 63.            Intra module refs:   tian
    -------------------------------------------------------------------------
XDATA_ID
  Relative segment, address: CODE 00000442 - 0000045F (0x1e bytes), align: 0
  Segment part 65.            Intra module refs:   qi
    -------------------------------------------------------------------------
XDATA_ID
  Relative segment, address: CODE 00000460 - 0000047D (0x1e bytes), align: 0
  Segment part 67.            Intra module refs:   shi1
    -------------------------------------------------------------------------
XDATA_ID
  Relative segment, address: CODE 0000047E - 0000049B (0x1e bytes), align: 0
  Segment part 69.            Intra module refs:   qing
    -------------------------------------------------------------------------
XDATA_ID
  Relative segment, address: CODE 0000049C - 000004B9 (0x1e bytes), align: 0
  Segment part 71.            Intra module refs:   guo
    -------------------------------------------------------------------------
XDATA_ID
  Relative segment, address: CODE 000004BA - 000004D7 (0x1e bytes), align: 0
  Segment part 73.            Intra module refs:   nei
    -------------------------------------------------------------------------
XDATA_ID
  Relative segment, address: CODE 000004D8 - 000004F5 (0x1e bytes), align: 0
  Segment part 75.            Intra module refs:   xiao
    -------------------------------------------------------------------------
XDATA_ID
  Relative segment, address: CODE 000004F6 - 00000513 (0x1e bytes), align: 0
  Segment part 77.            Intra module refs:   xi
    -------------------------------------------------------------------------
XDATA_ID
  Relative segment, address: CODE 00000514 - 00000531 (0x1e bytes), align: 0
  Segment part 79.            Intra module refs:   you
    -------------------------------------------------------------------------
XDATA_ID
  Relative segment, address: CODE 00000532 - 00000535 (0x4 bytes), align: 0
  Segment part 81.            Intra module refs:   __Constant_0
    -------------------------------------------------------------------------
BANK_RELAYS
  Relative segment, address: CODE 00000536 - 0000053B (0x6 bytes), align: 0
  Segment part 83.            Intra module refs:   basicRfInit
           LOCAL                   ADDRESS         
           =====                   =======         
           basicRfRxFrmDoneIsr::?relay
                                   00000536 
    -------------------------------------------------------------------------
BANK_RELAYS
  Relative segment, address: CODE 0000053C - 00000541 (0x6 bytes), align: 0
  Segment part 86.            Intra module refs:   main
           ENTRY                   ADDRESS         REF BY
           =====                   =======         ======
           basicRfInit::?relay     0000053C 
    -------------------------------------------------------------------------
BANK_RELAYS
  Relative segment, address: CODE 00000542 - 00000547 (0x6 bytes), align: 0
  Segment part 89.            Intra module refs:   main
           ENTRY                   ADDRESS         REF BY
           =====                   =======         ======
           clockSetMainSrc::?relay
                                   00000542 
    -------------------------------------------------------------------------
BANK_RELAYS
  Relative segment, address: CODE 00000548 - 0000054D (0x6 bytes), align: 0
  Segment part 91.            Intra module refs:   main
           ENTRY                   ADDRESS         REF BY
           =====                   =======         ======
           clockSelect32k::?relay
                                   00000548 
    -------------------------------------------------------------------------
BANK_RELAYS
  Relative segment, address: CODE 0000054E - 00000553 (0x6 bytes), align: 0
  Segment part 93.            Intra module refs:   halMcuWaitMs
           ENTRY                   ADDRESS         REF BY
           =====                   =======         ======
           halMcuWaitUs::?relay    0000054E 
    -------------------------------------------------------------------------
BANK_RELAYS
  Relative segment, address: CODE 00000554 - 00000559 (0x6 bytes), align: 0
  Segment part 95.            Intra module refs:   ?Subroutine7
                                                   main
           ENTRY                   ADDRESS         REF BY
           =====                   =======         ======
           halMcuWaitMs::?relay    00000554 
    -------------------------------------------------------------------------
BANK_RELAYS
  Relative segment, address: CODE 0000055A - 0000055F (0x6 bytes), align: 0
  Segment part 97.            Intra module refs:   basicRfInit
                                                   main
           ENTRY                   ADDRESS         REF BY
           =====                   =======         ======
           halRfInit::?relay       0000055A 
    -------------------------------------------------------------------------
BANK_RELAYS
  Relative segment, address: CODE 00000560 - 00000565 (0x6 bytes), align: 0
  Segment part 99.            Intra module refs:   ?Subroutine2
                                                   basicRfRxFrmDoneIsr
           ENTRY                   ADDRESS         REF BY
           =====                   =======         ======
           halRfReadRxBuf::?relay
                                   00000560 
    -------------------------------------------------------------------------
BANK_RELAYS
  Relative segment, address: CODE 00000566 - 0000056B (0x6 bytes), align: 0
  Segment part 101.           Intra module refs:   basicRfRxFrmDoneIsr
           ENTRY                   ADDRESS         REF BY
           =====                   =======         ======
           halRfDisableRxInterrupt::?relay
                                   00000566 
    -------------------------------------------------------------------------
BANK_RELAYS
  Relative segment, address: CODE 0000056C - 00000571 (0x6 bytes), align: 0
  Segment part 103.           Intra module refs:   basicRfRxFrmDoneIsr
                                                   halRfInit
           ENTRY                   ADDRESS         REF BY
           =====                   =======         ======
           halRfEnableRxInterrupt::?relay
                                   0000056C 
    -------------------------------------------------------------------------
BANK_RELAYS
  Relative segment, address: CODE 00000572 - 00000577 (0x6 bytes), align: 0
  Segment part 105.           Intra module refs:   ?Subroutine5
                                                   initial_lcd
                                                   lcd_address
                                                   main
           ENTRY                   ADDRESS         REF BY
           =====                   =======         ======
           transfer_command_lcd::?relay
                                   00000572 
    -------------------------------------------------------------------------
BANK_RELAYS
  Relative segment, address: CODE 00000578 - 0000057D (0x6 bytes), align: 0
  Segment part 107.           Intra module refs:   ?Subroutine3
                                                   main
           ENTRY                   ADDRESS         REF BY
           =====                   =======         ======
           transfer_data_lcd::?relay
                                   00000578 
    -------------------------------------------------------------------------
BANK_RELAYS
  Relative segment, address: CODE 0000057E - 00000583 (0x6 bytes), align: 0
  Segment part 111.           Intra module refs:   ?Subroutine5
                                                   initial_lcd
           ENTRY                   ADDRESS         REF BY
           =====                   =======         ======
           delay::?relay           0000057E 
    -------------------------------------------------------------------------
BANK_RELAYS
  Relative segment, address: CODE 00000584 - 00000589 (0x6 bytes), align: 0
  Segment part 113.           Intra module refs:   ?Subroutine6
                                                   transfer_command_lcd
                                                   transfer_data_lcd
           ENTRY                   ADDRESS         REF BY
           =====                   =======         ======
           LCD_delay::?relay       00000584 
    -------------------------------------------------------------------------
BANK_RELAYS
  Relative segment, address: CODE 0000058A - 0000058F (0x6 bytes), align: 0
  Segment part 115.           Intra module refs:   main
           ENTRY                   ADDRESS         REF BY
           =====                   =======         ======
           initial_lcd::?relay     0000058A 
    -------------------------------------------------------------------------
BANK_RELAYS
  Relative segment, address: CODE 00000590 - 00000595 (0x6 bytes), align: 0
  Segment part 118.           Intra module refs:   LCD_write_english_string
                                                   display_graphic_16x16
                                                   main
           ENTRY                   ADDRESS         REF BY
           =====                   =======         ======
           lcd_address::?relay     00000590 
    -------------------------------------------------------------------------
BANK_RELAYS
  Relative segment, address: CODE 00000596 - 0000059B (0x6 bytes), align: 0
  Segment part 120.           Intra module refs:   Segment part 132
           ENTRY                   ADDRESS         REF BY
           =====                   =======         ======
           display_graphic_16x16::?relay
                                   00000596 
    -------------------------------------------------------------------------
BANK_RELAYS
  Relative segment, address: CODE 0000059C - 000005A1 (0x6 bytes), align: 0
  Segment part 122.           Intra module refs:   LCD_write_english_string
                                                   main
           ENTRY                   ADDRESS         REF BY
           =====                   =======         ======
           LCD_write_char::?relay
                                   0000059C 
    -------------------------------------------------------------------------
BANK_RELAYS
  Relative segment, address: CODE 000005A2 - 000005A7 (0x6 bytes), align: 0
  Segment part 125.           Intra module refs:   Key
                                                   main
           ENTRY                   ADDRESS         REF BY
           =====                   =======         ======
           LCD_write_english_string::?relay
                                   000005A2 
    -------------------------------------------------------------------------
BANK_RELAYS
  Relative segment, address: CODE 000005A8 - 000005AD (0x6 bytes), align: 0
  Segment part 127.           Intra module refs:   ?Subroutine7
           ENTRY                   ADDRESS         REF BY
           =====                   =======         ======
           UartTX_Send_String::?relay
                                   000005A8 
    -------------------------------------------------------------------------
BANK_RELAYS
  Relative segment, address: CODE 000005AE - 000005B3 (0x6 bytes), align: 0
  Segment part 129.           Intra module refs:   main
           ENTRY                   ADDRESS         REF BY
           =====                   =======         ======
           Key::?relay             000005AE 

    *************************************************************************

  FILE NAME : C:\Users\Administrator\Desktop\ÎÄ¼þ¼Ð\yjj\1.³ö³§²âÊÔ³ÌÐò_re\1.³ö³§²âÊÔ³ÌÐò\ide\srf05_cc2530\iar\temp\light_switch\basic_rf_security.r51
    *************************************************************************

  FILE NAME : C:\Users\Administrator\Desktop\ÎÄ¼þ¼Ð\yjj\1.³ö³§²âÊÔ³ÌÐò_re\1.³ö³§²âÊÔ³ÌÐò\ide\srf05_cc2530\iar\temp\light_switch\clock.r51
    *************************************************************************

  FILE NAME : C:\Users\Administrator\Desktop\ÎÄ¼þ¼Ð\yjj\1.³ö³§²âÊÔ³ÌÐò_re\1.³ö³§²âÊÔ³ÌÐò\ide\srf05_cc2530\iar\temp\light_switch\hal_assert.r51
    *************************************************************************

  FILE NAME : C:\Users\Administrator\Desktop\ÎÄ¼þ¼Ð\yjj\1.³ö³§²âÊÔ³ÌÐò_re\1.³ö³§²âÊÔ³ÌÐò\ide\srf05_cc2530\iar\temp\light_switch\hal_board.r51
    *************************************************************************

  FILE NAME : C:\Users\Administrator\Desktop\ÎÄ¼þ¼Ð\yjj\1.³ö³§²âÊÔ³ÌÐò_re\1.³ö³§²âÊÔ³ÌÐò\ide\srf05_cc2530\iar\temp\light_switch\hal_int.r51
    *************************************************************************

  FILE NAME : C:\Users\Administrator\Desktop\ÎÄ¼þ¼Ð\yjj\1.³ö³§²âÊÔ³ÌÐò_re\1.³ö³§²âÊÔ³ÌÐò\ide\srf05_cc2530\iar\temp\light_switch\hal_lcd_srf05.r51
    *************************************************************************

  FILE NAME : C:\Users\Administrator\Desktop\ÎÄ¼þ¼Ð\yjj\1.³ö³§²âÊÔ³ÌÐò_re\1.³ö³§²âÊÔ³ÌÐò\ide\srf05_cc2530\iar\temp\light_switch\hal_mcu.r51
    *************************************************************************

  FILE NAME : C:\Users\Administrator\Desktop\ÎÄ¼þ¼Ð\yjj\1.³ö³§²âÊÔ³ÌÐò_re\1.³ö³§²âÊÔ³ÌÐò\ide\srf05_cc2530\iar\temp\light_switch\hal_rf.r51
    *************************************************************************

  FILE NAME : C:\Users\Administrator\Desktop\ÎÄ¼þ¼Ð\yjj\1.³ö³§²âÊÔ³ÌÐò_re\1.³ö³§²âÊÔ³ÌÐò\ide\srf05_cc2530\iar\temp\light_switch\hal_rf_security.r51
    *************************************************************************

  FILE NAME : C:\Users\Administrator\Desktop\ÎÄ¼þ¼Ð\yjj\1.³ö³§²âÊÔ³ÌÐò_re\1.³ö³§²âÊÔ³ÌÐò\ide\srf05_cc2530\iar\temp\light_switch\util.r51
    *************************************************************************

  FILE NAME : C:\Users\Administrator\Desktop\ÎÄ¼þ¼Ð\yjj\1.³ö³§²âÊÔ³ÌÐò_re\1.³ö³§²âÊÔ³ÌÐò\ide\srf05_cc2530\iar\temp\light_switch\util_buffer.r51
    *************************************************************************

  FILE NAME : C:\Program Files\IAR Systems\Embedded Workbench 6.0 Evaluation_0\8051\LIB\CLIB\cl-pli-blpd-1e16x01.r51
  LIBRARY MODULE, NAME : ?cexit

  SEGMENTS IN THE MODULE
  ======================
CSTART
  Relative segment, address: CODE 00000086 - 0000008A (0x5 bytes), align: 0
  Segment part 0.
           ENTRY                   ADDRESS         REF BY
           =====                   =======         ======
           exit                    00000086        ?call_main (?cmain)
           ?C_EXIT                 00000086 
           ?ROM_MONITOR_NOPS       00000086 

    -------------------------------------------------------------------------
  LIBRARY MODULE, NAME : ?cmain

  SEGMENTS IN THE MODULE
  ======================
CSTART
  Relative segment, address: CODE 0000008B, align: 0
  Segment part 0.
           ENTRY                   ADDRESS         REF BY
           =====                   =======         ======
           ?cmain                  0000008B        Segment part 13 (CSTARTUP)
    -------------------------------------------------------------------------
CSTART
  Relative segment, address: CODE 0000008B - 00000093 (0x9 bytes), align: 0
  Segment part 1.
           ENTRY                   ADDRESS         REF BY
           =====                   =======         ======
           __low_level_init_call   0000008B        __low_level_init (?low_level_init)
    -------------------------------------------------------------------------
CSTART
  Relative segment, address: CODE 00000094 - 000000A3 (0x10 bytes), align: 0
  Segment part 11.
           ENTRY                   ADDRESS         REF BY
           =====                   =======         ======
           __INIT_XDATA_Z          00000094        basicRfConfig (basic_rf)
                                                   pConfig (basic_rf)
                                                   pRxData (basic_rf)
                                                   pfISR (basic_rf)
                                                   rxMpdu (basic_rf)
                                                   txState (basic_rf)
                                                   v (basic_rf)
    -------------------------------------------------------------------------
CSTART
  Relative segment, address: CODE 000000A4 - 000000CC (0x29 bytes), align: 0
  Segment part 28.
           ENTRY                   ADDRESS         REF BY
           =====                   =======         ======
           __INIT_XDATA_I          000000A4        Segment part 29 (basic_rf)
                                                   Segment part 31 (basic_rf)
                                                   Segment part 33 (basic_rf)
                                                   Segment part 35 (basic_rf)
                                                   Segment part 37 (basic_rf)
                                                   __Constant_0 (basic_rf)
                                                   dang (basic_rf)
                                                   font6x8 (basic_rf)
                                                   guo (basic_rf)
                                                   hello (basic_rf)
                                                   jin (basic_rf)
                                                   nei (basic_rf)
                                                   qi (basic_rf)
                                                   qian (basic_rf)
                                                   qing (basic_rf)
                                                   rxi (basic_rf)
                                                   shi (basic_rf)
                                                   shi1 (basic_rf)
                                                   su (basic_rf)
                                                   tian (basic_rf)
                                                   xi (basic_rf)
                                                   xiao (basic_rf)
                                                   you (basic_rf)
    -------------------------------------------------------------------------
CSTART
  Relative segment, address: CODE 000000CD, align: 0
  Segment part 32.            Intra module refs:   __low_level_init_call
    -------------------------------------------------------------------------
CSTART
  Relative segment, address: CODE 000000CD - 000000E2 (0x16 bytes), align: 0
  Segment part 33.            Intra module refs:   ?cmain
           ENTRY                   ADDRESS         REF BY
           =====                   =======         ======
           ?call_main              000000CD 

    -------------------------------------------------------------------------
  LIBRARY MODULE, NAME : CSTARTUP

  SEGMENTS IN THE MODULE
  ======================
REGISTERS
  Relative segment, address: DATA 00000000, align: 0
  Segment part 0.             Intra module refs:   Segment part 6
           ENTRY                   ADDRESS         REF BY
           =====                   =======         ======
           ?REGISTERS              00000000 
    -------------------------------------------------------------------------
ISTACK
  Relative segment, address: IDATA 000000C0, align: 0
  Segment part 1.             Intra module refs:   Segment part 6
           ENTRY                   ADDRESS         REF BY
           =====                   =======         ======
           ?ISTACK_START           000000C0 
    -------------------------------------------------------------------------
PSTACK
  Relative segment, address: XDATA 00001E00, align: 0
  Segment part 2.             Intra module refs:   ?RESET_PSP
           ENTRY                   ADDRESS         REF BY
           =====                   =======         ======
           ?PSTACK_START           00001E00 
    -------------------------------------------------------------------------
INTVEC
  Common segment, address: CODE 00000000 - 00000002 (0x3 bytes), align: 0
  Segment part 5. ROOT.       Intra module refs:   Segment part 6
    -------------------------------------------------------------------------
CSTART
  Relative segment, address: CODE 000000E3 - 000000E8 (0x6 bytes), align: 0
  Segment part 6. ROOT.       Intra module refs:   Segment part 5
           ENTRY                   ADDRESS         REF BY
           =====                   =======         ======
           __program_start         000000E3        Absolute parts (?ABS_ENTRY_MOD)
           ?RESET_SP               000000E6 
    -------------------------------------------------------------------------
CSTART
  Relative segment, address: CODE 000000E9 - 000000EB (0x3 bytes), align: 0
  Segment part 7.
           ENTRY                   ADDRESS         REF BY
[...]
           ENTRY                   ADDRESS         REF BY
           =====                   =======         ======
           ?RESET_PDATA_BANK       000000EF 
    -------------------------------------------------------------------------
CSTART
  Relative segment, address: CODE 000000F2 - 000000F4 (0x3 bytes), align: 0
  Segment part 13.            Intra module refs:   Absolute parts

    -------------------------------------------------------------------------
  LIBRARY MODULE, NAME : VIRTUAL_REGISTERS

  SEGMENTS IN THE MODULE
  ======================
BREG
  Relative segment, address: BIT 00000020.0 - 00000020.7 (0x8 bits), align: 0
  Segment part 0.
           ENTRY                   ADDRESS         REF BY
           =====                   =======         ======
           ?B0                     00000020.0      Absolute parts (CSTARTUP)
    -------------------------------------------------------------------------
VREG
  Relative segment, address: DATA 00000008, align: 0
  Segment part 1.
           ENTRY                   ADDRESS         REF BY
           =====                   =======         ======
           ?V0                     00000008        ?BANKED_ENTER_PDATA (?BANKED_ENTER_PDATA)
                                                   ?BANKED_LEAVE_PDATA (?BANKED_LEAVE_PDATA)
                                                   ?INTERRUPT_ENTER_PSP (?INTERRUPT_ENTER_PSP)
                                                   ?INTERRUPT_LEAVE_PSP (?INTERRUPT_LEAVE_PSP)
                                                   ?Subroutine6 (basic_rf)
                                                   Key (basic_rf)
                                                   LCD_write_char (basic_rf)
                                                   LCD_write_english_string (basic_rf)
                                                   display_graphic_16x16 (basic_rf)
                                                   main (basic_rf)
                                                   memcpy (?memcpy)
                                                   transfer_command_lcd (basic_rf)
                                                   transfer_data_lcd (basic_rf)
    -------------------------------------------------------------------------
PSP
  Relative segment, address: DATA 00000010 - 00000010 (0x1 bytes), align: 0
  Segment part 2.
           ENTRY                   ADDRESS         REF BY
           =====                   =======         ======
           ?PSP                    00000010        ?BANKED_ENTER_PDATA (?BANKED_ENTER_PDATA)
                                                   ?BANKED_LEAVE_PDATA (?BANKED_LEAVE_PDATA)
                                                   ?INTERRUPT_ENTER_PSP (?INTERRUPT_ENTER_PSP)
                                                   ?INTERRUPT_LEAVE_PSP (?INTERRUPT_LEAVE_PSP)
                                                   ?PUSH_PSTACK_I (?PUSH_PSTACK_I)
                                                   ?RESET_PSP (CSTARTUP)
                                                   Segment part 132 (basic_rf)
                                                   display_graphic_16x16 (basic_rf)
                                                   main (basic_rf)
                                                   memcpy (?memcpy)

    -------------------------------------------------------------------------
  LIBRARY MODULE, NAME : ?BANKED_CODE_SUPPORT

  SEGMENTS IN THE MODULE
  ======================
CSTART
  Relative segment, address: CODE 000000F5 - 00000112 (0x1e bytes), align: 0
  Segment part 0.
           ENTRY                   ADDRESS         REF BY
           =====                   =======         ======
           ?BCALL_FF               000000F5        ?call_main (?cmain)
           ?BRET_FF                000000FB        ?BANKED_LEAVE_PDATA (?BANKED_LEAVE_PDATA)
                                                   Key (basic_rf)
                                                   LCD_delay (basic_rf)
                                                   UartTX_Send_String (basic_rf)
                                                   basicRfRxFrmDoneIsr (basic_rf)
                                                   clockSelect32k (basic_rf)
                                                   clockSetMainSrc (basic_rf)
                                                   delay (basic_rf)
                                                   halMcuWaitUs (basic_rf)
                                                   halRfDisableRxInterrupt (basic_rf)
                                                   halRfEnableRxInterrupt (basic_rf)
                                                   halRfInit (basic_rf)
                                                   halRfReadRxBuf (basic_rf)
                                                   initial_lcd (basic_rf)
           ?BDISPATCH_FF           000000FE        Key::?relay (basic_rf)
                                                   LCD_delay::?relay (basic_rf)
                                                   LCD_write_char::?relay (basic_rf)
                                                   LCD_write_english_string::?relay (basic_rf)
                                                   UartTX_Send_String::?relay (basic_rf)
                                                   basicRfInit::?relay (basic_rf)
                                                   basicRfRxFrmDoneIsr::?relay (basic_rf)
                                                   clockSelect32k::?relay (basic_rf)
                                                   clockSetMainSrc::?relay (basic_rf)
                                                   delay::?relay (basic_rf)
                                                   display_graphic_16x16::?relay (basic_rf)
                                                   halMcuWaitMs::?relay (basic_rf)
                                                   halMcuWaitUs::?relay (basic_rf)
                                                   halRfDisableRxInterrupt::?relay (basic_rf)
                                                   halRfEnableRxInterrupt::?relay (basic_rf)
                                                   halRfInit::?relay (basic_rf)
                                                   halRfReadRxBuf::?relay (basic_rf)
                                                   initial_lcd::?relay (basic_rf)
                                                   lcd_address::?relay (basic_rf)
                                                   memcpy::?relay (?memcpy)
                                                   transfer_command_lcd::?relay (basic_rf)
                                                   transfer_data_lcd::?relay (basic_rf)

    -------------------------------------------------------------------------
  LIBRARY MODULE, NAME : ?XLOAD_R2345

  SEGMENTS IN THE MODULE
  ======================
RCODE
  Relative segment, address: CODE 000005BA - 000005C5 (0xc bytes), align: 0
  Segment part 0.
           ENTRY                   ADDRESS         REF BY
           =====                   =======         ======
           ?XLOAD_R2345            000005BA        basicRfInit (basic_rf)

    -------------------------------------------------------------------------
  LIBRARY MODULE, NAME : ?XSTORE_R2345

  SEGMENTS IN THE MODULE
  ======================
RCODE
  Relative segment, address: CODE 000005C6 - 000005D1 (0xc bytes), align: 0
  Segment part 0.
           ENTRY                   ADDRESS         REF BY
           =====                   =======         ======
           ?XSTORE_R2345           000005C6        basicRfInit (basic_rf)

    -------------------------------------------------------------------------
  LIBRARY MODULE, NAME : ?MOVE_LONG8_PDATA_IDATA

  SEGMENTS IN THE MODULE
  ======================
RCODE
  Relative segment, address: CODE 000005D2 - 000005DE (0xd bytes), align: 0
  Segment part 0.
           ENTRY                   ADDRESS         REF BY
           =====                   =======         ======
           ?MOVE_LONG8_PDATA_IDATA
                                   000005D2        ?PUSH_PSTACK_I (?PUSH_PSTACK_I)

    -------------------------------------------------------------------------
  LIBRARY MODULE, NAME : ?S_DIV_MOD

  SEGMENTS IN THE MODULE
  ======================
RCODE
  Relative segment, address: CODE 000005DF - 0000061F (0x41 bytes), align: 0
  Segment part 0.
           ENTRY                   ADDRESS         REF BY
           =====                   =======         ======
           ?S_DIV_MOD              00000618        main (basic_rf)
    -------------------------------------------------------------------------
RCODE
  Relative segment, address: CODE 00000620 - 00000678 (0x59 bytes), align: 0
  Segment part 1.             Intra module refs:   ?S_DIV_MOD
           ENTRY                   ADDRESS         REF BY
           =====                   =======         ======
           ?US_DIV_MOD             00000620 

    -------------------------------------------------------------------------
  LIBRARY MODULE, NAME : ?CALL_IND

  SEGMENTS IN THE MODULE
  ======================
RCODE
  Relative segment, address: CODE 00000679 - 0000067A (0x2 bytes), align: 0
  Segment part 0.
           ENTRY                   ADDRESS         REF BY
           =====                   =======         ======
           ?CALL_IND               00000679        rfIsr (basic_rf)

    -------------------------------------------------------------------------
  LIBRARY MODULE, NAME : ?BANKED_ENTER_PDATA

  SEGMENTS IN THE MODULE
  ======================
RCODE
  Relative segment, address: CODE 0000067B - 000006B1 (0x37 bytes), align: 0
  Segment part 0.
           ENTRY                   ADDRESS         REF BY
           =====                   =======         ======
           ?BANKED_ENTER_PDATA     0000067B        LCD_write_char (basic_rf)
                                                   LCD_write_english_string (basic_rf)
                                                   basicRfInit (basic_rf)
                                                   display_graphic_16x16 (basic_rf)
                                                   halMcuWaitMs (basic_rf)
                                                   lcd_address (basic_rf)
                                                   memcpy (?memcpy)
                                                   transfer_command_lcd (basic_rf)
                                                   transfer_data_lcd (basic_rf)

    -------------------------------------------------------------------------
  LIBRARY MODULE, NAME : ?BANKED_LEAVE_PDATA

  SEGMENTS IN THE MODULE
  ======================
RCODE
  Relative segment, address: CODE 000006B2 - 000006DC (0x2b bytes), align: 0
  Segment part 0.
           ENTRY                   ADDRESS         REF BY
           =====                   =======         ======
           ?BANKED_LEAVE_PDATA     000006B2        ?Subroutine0 (basic_rf)
                                                   LCD_write_char (basic_rf)
                                                   LCD_write_english_string (basic_rf)
                                                   display_graphic_16x16 (basic_rf)
                                                   halMcuWaitMs (basic_rf)
                                                   memcpy (?memcpy)

    -------------------------------------------------------------------------
  LIBRARY MODULE, NAME : ?INTERRUPT_ENTER_PSP

  SEGMENTS IN THE MODULE
  ======================
RCODE
  Relative segment, address: CODE 000006DD - 00000725 (0x49 bytes), align: 0
  Segment part 0.
           ENTRY                   ADDRESS         REF BY
           =====                   =======         ======
           ?INTERRUPT_ENTER_PSP    000006DD        rfIsr (basic_rf)

    -------------------------------------------------------------------------
  LIBRARY MODULE, NAME : ?INTERRUPT_LEAVE_PSP

  SEGMENTS IN THE MODULE
  ======================
RCODE
  Relative segment, address: CODE 00000726 - 00000768 (0x43 bytes), align: 0
  Segment part 0.
           ENTRY                   ADDRESS         REF BY
           =====                   =======         ======
           ?INTERRUPT_LEAVE_PSP    00000726        rfIsr (basic_rf)

    -------------------------------------------------------------------------
  LIBRARY MODULE, NAME : ?PUSH_PSTACK_I

  SEGMENTS IN THE MODULE
  ======================
RCODE
  Relative segment, address: CODE 00000769 - 0000076C (0x4 bytes), align: 0
  Segment part 3.
           ENTRY                   ADDRESS         REF BY
           =====                   =======         ======
           ?PUSH_PSTACK_I_TWO      00000769        Key (basic_rf)
                                                   main (basic_rf)
    -------------------------------------------------------------------------
RCODE
  Relative segment, address: CODE 0000076D - 0000077D (0x11 bytes), align: 0
  Segment part 5.             Intra module refs:   ?PUSH_PSTACK_I_TWO
           ENTRY                   ADDRESS         REF BY
           =====                   =======         ======
           ?PUSH_PSTACK_I          0000076D 

    -------------------------------------------------------------------------
  LIBRARY MODULE, NAME : ?memcpy

  SEGMENTS IN THE MODULE
  ======================
<BANKED_CODE> 1 (was BANKED_CODE)
  Relative segment, address: CODE 00000FB9 - 00000FFE (0x46 bytes), align: 0
  Segment part 6.             Intra module refs:   memcpy::?relay
           ENTRY                   ADDRESS         REF BY
           =====                   =======         ======
           memcpy                  00000FB9 
               PSTACK = 00000002 ( 00000008 )
               ISTACK = 00000000 ( 00000001 )
    -------------------------------------------------------------------------
BANK_RELAYS
  Relative segment, address: CODE 000005B4 - 000005B9 (0x6 bytes), align: 0
  Segment part 7.
           ENTRY                   ADDRESS         REF BY
           =====                   =======         ======
           memcpy::?relay          000005B4        main (basic_rf)

    -------------------------------------------------------------------------
  LIBRARY MODULE, NAME : ?low_level_init

  SEGMENTS IN THE MODULE
  ======================
CSTART
  Relative segment, address: CODE 00000113 - 00000115 (0x3 bytes), align: 0
  Segment part 6. ROOT.
           ENTRY                   ADDRESS         REF BY
           =====                   =======         ======
           __low_level_init        00000113        __low_level_init_call (?cmain)




                ****************************************
                *                                      *
                *            MODULE SUMMARY            *
                *                                      *
                ****************************************

Module                    CODE      DATA      XDATA  IDATA    BIT
------                    ----      ----      -----  -----    ---
                         (Rel)  (Rel)  (Abs)  (Rel)  (Rel)  (Rel)
?BANKED_CODE_SUPPORT        30
?BANKED_ENTER_PDATA         55
?BANKED_LEAVE_PDATA         43
?CALL_IND                    2
?INTERRUPT_ENTER_PSP        73
?INTERRUPT_LEAVE_PSP        67
?MOVE_LONG8_PDATA_IDATA     13
?PUSH_PSTACK_I              21
?S_DIV_MOD                 154
?XLOAD_R2345                12
?XSTORE_R2345               12
?cexit                       5
?cmain                      88
?low_level_init              3
?memcpy                     76
CSTARTUP                    18
  + common                   3
VIRTUAL_REGISTERS                   1                           8
basic_rf                 3 289            22  1 203
  + common                 134
N/A (command line)                 16           128     64
N/A (alignment)
----------               -----     --     --  -----     --      -
Total:                   3 961     17     22  1 331     64      8
  + common                 134


                ****************************************
                *                                      *
                *      SEGMENTS IN ADDRESS ORDER       *
                *                                      *
                ****************************************


SEGMENT              SPACE    START ADDRESS   END ADDRESS     SIZE  TYPE  ALIGN
=======              =====    =============   ===========     ====  ====  =====
INTVEC               CODE          00000000 - 00000085          86   com    0
CSTART               CODE          00000086 - 00000115          90   rel    0
DATA_ID              CODE               00000116                     dse    0
BDATA_ID             CODE               00000116                     dse    0
IXDATA_ID            CODE               00000116                     dse    0
PDATA_ID             CODE               00000116                     dse    0
IDATA_ID             CODE               00000116                     dse    0
BIT_ID               CODE               00000116                     dse    0
XDATA_ID             CODE          00000116 - 00000535         420   rel    0
BANK_RELAYS          CODE          00000536 - 000005B9          84   rel    0
RCODE                CODE          000005BA - 0000077D         1C4   rel    0
CODE_C               CODE               0000077E                     dse    0
DIFUNCT              CODE               0000077E                     dse    0
CODE_N               CODE               0000077E                     dse    0
NEAR_CODE            CODE          0000077E - 000007B5          38   rel    0
<BANKED_CODE> 1      CODE          000007B6 - 00000FFE         849   rel    0
REGISTERS            DATA          00000000 - 00000007           8   rel    0
VREG                 DATA          00000008 - 0000000F           8   rel    0
PSP                  DATA          00000010 - 00000010           1   rel    0
BREG                 BIT        00000020.0  -  00000020.7        8   rel    0
SFR_AN               DATA          00000080 - 00000080           1   rel    0
                     DATA          00000086 - 00000086           1 
                     DATA          00000090 - 00000090           1 
                     DATA          0000009A - 0000009B           2 
                     DATA          0000009D - 0000009E           2 
                     DATA          000000A8 - 000000A8           1 
                     DATA          000000BE - 000000BE           1 
                     DATA          000000C1 - 000000C2           2 
                     DATA          000000C5 - 000000C6           2 
                     DATA          000000D9 - 000000D9           1 
                     DATA          000000E1 - 000000E1           1 
                     DATA          000000E8 - 000000E9           2 
                     DATA          000000F1 - 000000F1           1 
                     DATA          000000F3 - 000000F3           1 
                     DATA          000000FD - 000000FF           3 
XDATA_Z              XDATA         00000001 - 00000093          93   rel    0
XDATA_I              XDATA         00000094 - 000004B3         420   rel    0
PDATA_Z              XDATA              00001E00                     dse    0
PSTACK               XDATA         00001E00 - 00001E7F          80   rel    0
ISTACK               IDATA         000000C0 - 000000FF          40   rel    0

                ****************************************
                *                                      *
                *        END OF CROSS REFERENCE        *
                *                                      *
                ****************************************

 4 095 bytes of CODE  memory
    17 bytes of DATA  memory (+ 22 absolute )
 1 331 bytes of XDATA memory
    64 bytes of IDATA memory
     8 bits  of BIT   memory

Errors: none
Warnings: none

