################################################################################
#                                                                              #
#      IAR Universal Linker V5.0.2.5/W32                                       #
#                                                                              #
#           Link time     =  29/May/2014  16:50:56                             #
#           Target CPU    =  x51                                               #
#           List file     =  C:\Users\Administrator\Desktop\ÎÄ¼þ¼Ð\yjj\1.³ö³§² #
#                            âÊÔ³ÌÐò_send\1.³ö³§²âÊÔ³ÌÐò\ide\srf05_cc2530\iar\ #
#                            temp\light_switch.map                             #
#           Output file 1 =  C:\Users\Administrator\Desktop\ÎÄ¼þ¼Ð\yjj\1.³ö³§² #
#                            âÊÔ³ÌÐò_send\1.³ö³§²âÊÔ³ÌÐò\ide\srf05_cc2530\iar\ #
#                            light_switch.hex                                  #
#                            Format: intel-extended                            #
#           Output file 2 =  C:\Users\Administrator\Desktop\ÎÄ¼þ¼Ð\yjj\1.³ö³§² #
#                            âÊÔ³ÌÐò_send\1.³ö³§²âÊÔ³ÌÐò\ide\srf05_cc2530\iar\ #
#                            light_switch.d51                                  #
#                            Format: debug                                     #
#                            UBROF version 10.0.3                              #
#                            Using library modules for C-SPY (-rt)             #
#           Command line  =  "-IC:\Program Files\IAR Systems\Embedded Workbenc #
#                            h 6.0 Evaluation_0\8051\CONFIG\"                  #
#                            -D_NR_OF_BANKS=0 -D_CODEBANK_END=0                #
#                            -D_CODEBANK_START=0                               #
#                            C:\Users\Administrator\Desktop\ÎÄ¼þ¼Ð\yjj\1.³ö³§² #
#                            âÊÔ³ÌÐò_send\1.³ö³§²âÊÔ³ÌÐò\ide\srf05_cc2530\iar\ #
#                            temp\light_switch\Initial.r51                     #
#                            C:\Users\Administrator\Desktop\ÎÄ¼þ¼Ð\yjj\1.³ö³§² #
#                            âÊÔ³ÌÐò_send\1.³ö³§²âÊÔ³ÌÐò\ide\srf05_cc2530\iar\ #
#                            temp\light_switch\adc.r51                         #
#                            C:\Users\Administrator\Desktop\ÎÄ¼þ¼Ð\yjj\1.³ö³§² #
#                            âÊÔ³ÌÐò_send\1.³ö³§²âÊÔ³ÌÐò\ide\srf05_cc2530\iar\ #
#                            temp\light_switch\basic_rf.r51                    #
#                            C:\Users\Administrator\Desktop\ÎÄ¼þ¼Ð\yjj\1.³ö³§² #
#                            âÊÔ³ÌÐò_send\1.³ö³§²âÊÔ³ÌÐò\ide\srf05_cc2530\iar\ #
#                            temp\light_switch\basic_rf_security.r51           #
#                            C:\Users\Administrator\Desktop\ÎÄ¼þ¼Ð\yjj\1.³ö³§² #
#                            âÊÔ³ÌÐò_send\1.³ö³§²âÊÔ³ÌÐò\ide\srf05_cc2530\iar\ #
#                            temp\light_switch\clock.r51                       #
#                            C:\Users\Administrator\Desktop\ÎÄ¼þ¼Ð\yjj\1.³ö³§² #
#                            âÊÔ³ÌÐò_send\1.³ö³§²âÊÔ³ÌÐò\ide\srf05_cc2530\iar\ #
#                            temp\light_switch\hal_assert.r51                  #
#                            C:\Users\Administrator\Desktop\ÎÄ¼þ¼Ð\yjj\1.³ö³§² #
#                            âÊÔ³ÌÐò_send\1.³ö³§²âÊÔ³ÌÐò\ide\srf05_cc2530\iar\ #
#                            temp\light_switch\hal_board.r51                   #
#                            C:\Users\Administrator\Desktop\ÎÄ¼þ¼Ð\yjj\1.³ö³§² #
#                            âÊÔ³ÌÐò_send\1.³ö³§²âÊÔ³ÌÐò\ide\srf05_cc2530\iar\ #
#                            temp\light_switch\hal_int.r51                     #
#                            C:\Users\Administrator\Desktop\ÎÄ¼þ¼Ð\yjj\1.³ö³§² #
#                            âÊÔ³ÌÐò_send\1.³ö³§²âÊÔ³ÌÐò\ide\srf05_cc2530\iar\ #
#                            temp\light_switch\hal_lcd_srf05.r51               #
#                            C:\Users\Administrator\Desktop\ÎÄ¼þ¼Ð\yjj\1.³ö³§² #
#                            âÊÔ³ÌÐò_send\1.³ö³§²âÊÔ³ÌÐò\ide\srf05_cc2530\iar\ #
#                            temp\light_switch\hal_mcu.r51                     #
#                            C:\Users\Administrator\Desktop\ÎÄ¼þ¼Ð\yjj\1.³ö³§² #
#                            âÊÔ³ÌÐò_send\1.³ö³§²âÊÔ³ÌÐò\ide\srf05_cc2530\iar\ #
#                            temp\light_switch\hal_rf.r51                      #
#                            C:\Users\Administrator\Desktop\ÎÄ¼þ¼Ð\yjj\1.³ö³§² #
#                            âÊÔ³ÌÐò_send\1.³ö³§²âÊÔ³ÌÐò\ide\srf05_cc2530\iar\ #
#                            temp\light_switch\hal_rf_security.r51             #
#                            C:\Users\Administrator\Desktop\ÎÄ¼þ¼Ð\yjj\1.³ö³§² #
#                            âÊÔ³ÌÐò_send\1.³ö³§²âÊÔ³ÌÐò\ide\srf05_cc2530\iar\ #
#                            temp\light_switch\util.r51                        #
#                            C:\Users\Administrator\Desktop\ÎÄ¼þ¼Ð\yjj\1.³ö³§² #
#                            âÊÔ³ÌÐò_send\1.³ö³§²âÊÔ³ÌÐò\ide\srf05_cc2530\iar\ #
#                            temp\light_switch\util_buffer.r51                 #
#                            -o                                                #
#                            C:\Users\Administrator\Desktop\ÎÄ¼þ¼Ð\yjj\1.³ö³§² #
#                            âÊÔ³ÌÐò_send\1.³ö³§²âÊÔ³ÌÐò\ide\srf05_cc2530\iar\ #
#                            light_switch.d51                                  #
#                            -l                                                #
#                            C:\Users\Administrator\Desktop\ÎÄ¼þ¼Ð\yjj\1.³ö³§² #
#                            âÊÔ³ÌÐò_send\1.³ö³§²âÊÔ³ÌÐò\ide\srf05_cc2530\iar\ #
#                            temp\light_switch.map                             #
#                            -xmsn                                             #
#                            "-IC:\Program Files\IAR Systems\Embedded Workbenc #
#                            h 6.0 Evaluation_0\8051\LIB\"                     #
#                            -f                                                #
#                            "C:\Program Files\IAR Systems\Embedded Workbench  #
#                            6.0 Evaluation_0\8051\config\devices\Texas Instru #
#                            ments\lnk51ew_cc2530F256.xcl"                     #
#                            (-D_IDATA0_START=0x00 -D_IDATA0_END=0xFF          #
#                            -D_PDATA0_START=0x1E00 -D_PDATA0_END=0x1EFF       #
#                            -D_IXDATA0_START=0x0001 -D_IXDATA0_END=0x1EFF     #
#                            -D_XDATA0_START=_IXDATA0_START                    #
#                            -D_XDATA0_END=_IXDATA0_END                        #
#                            -D_CODE0_START=0x0000 -D_CODE0_END=0xFFFF         #
#                            -D?REGISTER_BANK=0x0 -D_REGISTER_BANK_START=0x0   #
#                            -D_BREG_START=0x00 -D?VB=0x20 -D?ESP=0x9B         #
#                            -Z(BIT)BREG=_BREG_START -Z(BIT)BIT_N=0-7F         #
#                            -Z(DATA)REGISTERS+8=_REGISTER_BANK_START          #
#                            -Z(DATA)BDATA_Z,BDATA_N,BDATA_I=20-2F             #
#                            -Z(DATA)VREG+_NR_OF_VIRTUAL_REGISTERS=08-7F       #
#                            -Z(DATA)PSP,XSP=08-7F -Z(DATA)DOVERLAY=08-7F      #
#                            -Z(DATA)DATA_I,DATA_Z,DATA_N=08-7F                #
#                            -U(IDATA)0-7F=(DATA)0-7F                          #
#                            -Z(IDATA)IDATA_I,IDATA_Z,IDATA_N=08-_IDATA0_END   #
#                            -Z(IDATA)ISTACK+_IDATA_STACK_SIZE#08-_IDATA0_END  #
#                            -Z(IDATA)IOVERLAY=08-FF -Z(CODE)INTVEC=0          #
#                            -Z(CODE)CSTART=_CODE0_START-_CODE0_END            #
#                            -Z(CODE)BIT_ID,BDATA_ID,DATA_ID,IDATA_ID,IXDATA_I #
#                            D,PDATA_ID,XDATA_ID=_CODE0_START-_CODE0_END       #
#                            -Z(CODE)RCODE,DIFUNCT,CODE_C,CODE_N,NEAR_CODE=_CO #
#                            DE0_START-_CODE0_END                              #
#                            -Z(CODE)CHECKSUM#_CODE0_END                       #
#                            -Z(XDATA)PDATA_Z,PDATA_I=_PDATA0_START-_PDATA0_EN #
#                            D                                                 #
#                            -P(XDATA)PDATA_N=_PDATA0_START-_PDATA0_END        #
#                            -Z(XDATA)PSTACK+_PDATA_STACK_SIZE=_PDATA0_START-_ #
#                            PDATA0_END                                        #
#                            -Z(XDATA)EXT_STACK+_EXTENDED_STACK_SIZE=_EXTENDED #
#                            _STACK_START                                      #
#                            -Z(XDATA)XSTACK+_XDATA_STACK_SIZE=_XDATA0_START-_ #
#                            XDATA0_END                                        #
#                            -Z(XDATA)IXDATA_Z,IXDATA_I=_IXDATA0_START-_IXDATA #
#                            0_END                                             #
#                            -P(XDATA)IXDATA_N=_IXDATA0_START-_IXDATA0_END     #
#                            -Z(XDATA)XDATA_Z,XDATA_I=_XDATA0_START-_XDATA0_EN #
#                            D                                                 #
#                            -P(XDATA)XDATA_N=_XDATA0_START-_XDATA0_END        #
#                            -Z(XDATA)XDATA_HEAP+_XDATA_HEAP_SIZE=_XDATA0_STAR #
#                            T-_XDATA0_END                                     #
#                            -Z(CONST)XDATA_ROM_C=_XDATA0_START-_XDATA0_END    #
#                            -cx51) -D_NR_OF_VIRTUAL_REGISTERS=8               #
#                            -D?PBANK=0x93 -e_medium_write=_formatted_write    #
#                            -e_medium_read=_formatted_read -rt                #
#                            -Ointel-extended=C:\Users\Administrator\Desktop\Î #
#                            Ä¼þ¼Ð\yjj\1.³ö³§²âÊÔ³ÌÐò_send\1.³ö³§²âÊÔ³ÌÐò\ide\ #
#                            srf05_cc2530\iar\light_switch.hex                 #
#                            -s __program_start                                #
#                            "C:\Program Files\IAR Systems\Embedded Workbench  #
#                            6.0 Evaluation_0\8051\LIB\CLIB\cl-pli-nlxd-1e16x0 #
#                            1.r51"                                            #
#                            -D_IDATA_STACK_SIZE=0x40                          #
#                            -D_EXTENDED_STACK_START=0x00                      #
#                            -D_EXTENDED_STACK_SIZE=0x00                       #
#                            -D_PDATA_STACK_SIZE=0x80                          #
#                            -D_XDATA_STACK_SIZE=0x1FF                         #
#                            -D_XDATA_HEAP_SIZE=0xFF -D_FAR_HEAP_SIZE=0xFFF    #
#                            -D_HUGE_HEAP_SIZE=0xFFF                           #
#                            -D_FAR22_HEAP_SIZE=0xFFF                          #
#                                                                              #
#                           Copyright (C) 1987-2010 IAR Systems AB.            #
################################################################################





                ****************************************
                *                                      *
                *           CROSS REFERENCE            *
                *                                      *
                ****************************************

       Program entry at : CODE      000000D3  Relocatable, from module : CSTARTUP




                ****************************************
                *                                      *
                *            RUNTIME MODEL             *
                *                                      *
                ****************************************

  __SystemLibrary          = CLib
  __calling_convention     = xdata_reentrant
  __code_model             = near
  __core                   = plain
  __data_model             = large
  __dptr_size              = 16
  __extended_stack         = disabled
  __location_for_constants = data
  __number_of_dptrs        = 1
  __rt_version             = 1



                ****************************************
                *                                      *
                *              MODULE MAP              *
                *                                      *
                ****************************************


  DEFINED ABSOLUTE ENTRIES
    *************************************************************************

  DEFINED ABSOLUTE ENTRIES
  PROGRAM MODULE, NAME : ?ABS_ENTRY_MOD

Absolute parts
           ENTRY                   ADDRESS         REF BY
           =====                   =======         ======
           _FAR22_HEAP_SIZE        00000FFF 
           _HUGE_HEAP_SIZE         00000FFF 
           _FAR_HEAP_SIZE          00000FFF 
           _XDATA_HEAP_SIZE        000000FF 
           _XDATA_STACK_SIZE       000001FF 
           _PDATA_STACK_SIZE       00000080 
           _EXTENDED_STACK_SIZE    00000000 
           _EXTENDED_STACK_START   00000000 
           _IDATA_STACK_SIZE       00000040 
           ?PBANK                  00000093 
           _NR_OF_VIRTUAL_REGISTERS
                                   00000008 
           ?ESP                    0000009B 
           ?VB                     00000020        ?FUNC_ENTER_XDATA (?FUNC_ENTER_XDATA)
                                                   ?FUNC_LEAVE_XDATA (?FUNC_LEAVE_XDATA)
                                                   ?INTERRUPT_ENTER_XSP (?INTERRUPT_ENTER_XSP)
                                                   ?INTERRUPT_LEAVE_XSP (?INTERRUPT_LEAVE_XSP)
           _BREG_START             00000000 
           _REGISTER_BANK_START    00000000 
           ?REGISTER_BANK          00000000        Segment part 6 (CSTARTUP)
           _CODE0_END              0000FFFF 
           _CODE0_START            00000000 
           _XDATA0_END             00001EFF 
           _XDATA0_START           00000001 
           _IXDATA0_END            00001EFF 
           _IXDATA0_START          00000001 
           _PDATA0_END             00001EFF 
           _PDATA0_START           00001E00 
           _IDATA0_END             000000FF 
           _IDATA0_START           00000000 
           _CODEBANK_START         00000000 
           _CODEBANK_END           00000000 
           _NR_OF_BANKS            00000000 
    *************************************************************************

  FILE NAME : C:\Users\Administrator\Desktop\ÎÄ¼þ¼Ð\yjj\1.³ö³§²âÊÔ³ÌÐò_send\1.³ö³§²âÊÔ³ÌÐò\ide\srf05_cc2530\iar\temp\light_switch\Initial.r51
    *************************************************************************

  FILE NAME : C:\Users\Administrator\Desktop\ÎÄ¼þ¼Ð\yjj\1.³ö³§²âÊÔ³ÌÐò_send\1.³ö³§²âÊÔ³ÌÐò\ide\srf05_cc2530\iar\temp\light_switch\adc.r51
    *************************************************************************

  FILE NAME : C:\Users\Administrator\Desktop\ÎÄ¼þ¼Ð\yjj\1.³ö³§²âÊÔ³ÌÐò_send\1.³ö³§²âÊÔ³ÌÐò\ide\srf05_cc2530\iar\temp\light_switch\basic_rf.r51
  PROGRAM MODULE, NAME : basic_rf

  SEGMENTS IN THE MODULE
  ======================
XDATA_I
  Relative segment, address: XDATA 0000033C - 0000034B (0x10 bytes), align: 0
  Segment part 32.            Intra module refs:   main
    -------------------------------------------------------------------------
XDATA_I
  Relative segment, address: XDATA 0000034C - 0000035B (0x10 bytes), align: 0
  Segment part 34.            Intra module refs:   main
    -------------------------------------------------------------------------
XDATA_I
  Relative segment, address: XDATA 0000035C - 00000367 (0xc bytes), align: 0
  Segment part 36.            Intra module refs:   basicRfInit
                                                   basicRfRxFrmDoneIsr
           LOCAL                   ADDRESS         
           =====                   =======         
           rxi                     0000035C 
    -------------------------------------------------------------------------
XDATA_Z
  Relative segment, address: XDATA 00000200 - 00000206 (0x7 bytes), align: 0
  Segment part 38.            Intra module refs:   basicRfInit
                                                   basicRfRxFrmDoneIsr
                                                   basicRfSendPacket
                                                   main
           LOCAL                   ADDRESS         
           =====                   =======         
           txState                 00000200 
    -------------------------------------------------------------------------
XDATA_Z
  Relative segment, address: XDATA 00000207 - 00000208 (0x2 bytes), align: 0
  Segment part 39.            Intra module refs:   ?Subroutine8
                                                   basicRfInit
                                                   basicRfSendPacket
           LOCAL                   ADDRESS         
           =====                   =======         
           pConfig                 00000207 
    -------------------------------------------------------------------------
XDATA_Z
  Relative segment, address: XDATA 00000209 - 0000027B (0x73 bytes), align: 0
  Segment part 40.            Intra module refs:   basicRfSendPacket
           LOCAL                   ADDRESS         
           =====                   =======         
           txMpdu                  00000209 
    -------------------------------------------------------------------------
XDATA_Z
  Relative segment, address: XDATA 0000027C - 000002FB (0x80 bytes), align: 0
  Segment part 41.            Intra module refs:   basicRfRxFrmDoneIsr
           LOCAL                   ADDRESS         
           =====                   =======         
           rxMpdu                  0000027C 
    -------------------------------------------------------------------------
NEAR_CODE
  Relative segment, address: CODE 00000511 - 000005F9 (0xe9 bytes), align: 0
  Segment part 54.            Intra module refs:   basicRfInit
           LOCAL                   ADDRESS         
           =====                   =======         
           basicRfRxFrmDoneIsr     00000511 
               calls direct, is indirectly called
               ISTACK = 00000000 ( 00000002 )
    -------------------------------------------------------------------------
NEAR_CODE
  Relative segment, address: CODE 000005FA - 0000067B (0x82 bytes), align: 0
  Segment part 55.            Intra module refs:   main
           ENTRY                   ADDRESS         REF BY
           =====                   =======         ======
           basicRfInit             000005FA 
               calls direct
               ISTACK = 00000000 ( 00000002 )
    -------------------------------------------------------------------------
NEAR_CODE
  Relative segment, address: CODE 0000067C - 0000076E (0xf3 bytes), align: 0
  Segment part 56.            Intra module refs:   main
           ENTRY                   ADDRESS         REF BY
           =====                   =======         ======
           basicRfSendPacket       0000067C 
               calls direct
               XSTACK = 00000000 ( 0000000A )
               ISTACK = 00000000 ( 00000001 )
    -------------------------------------------------------------------------
NEAR_CODE
  Relative segment, address: CODE 0000076F - 00000775 (0x7 bytes), align: 0
  Segment part 57.            Intra module refs:   basicRfInit
                                                   basicRfSendPacket
           LOCAL                   ADDRESS         
           =====                   =======         
           ?Subroutine5            0000076F 
    -------------------------------------------------------------------------
NEAR_CODE
  Relative segment, address: CODE 00000776 - 0000077E (0x9 bytes), align: 0
  Segment part 58.            Intra module refs:   basicRfInit
                                                   basicRfSendPacket
           LOCAL                   ADDRESS         
           =====                   =======         
           ?Subroutine4            00000776 
    -------------------------------------------------------------------------
NEAR_CODE
  Relative segment, address: CODE 0000077F - 00000784 (0x6 bytes), align: 0
  Segment part 59.            Intra module refs:   ?Subroutine4
                                                   ?Subroutine5
                                                   basicRfRxFrmDoneIsr
                                                   rfIsr
           LOCAL                   ADDRESS         
           =====                   =======         
           ?Subroutine9            0000077F 
    -------------------------------------------------------------------------
NEAR_CODE
  Relative segment, address: CODE 00000785 - 0000078A (0x6 bytes), align: 0
  Segment part 60.            Intra module refs:   basicRfSendPacket
           LOCAL                   ADDRESS         
           =====                   =======         
           ?Subroutine3            00000785 
    -------------------------------------------------------------------------
NEAR_CODE
  Relative segment, address: CODE 0000078B - 00000798 (0xe bytes), align: 0
  Segment part 61.            Intra module refs:   ?Subroutine3
                                                   basicRfInit
           LOCAL                   ADDRESS         
           =====                   =======         
           ?Subroutine8            0000078B 
    -------------------------------------------------------------------------
NEAR_CODE
  Relative segment, address: CODE 00000799 - 0000079E (0x6 bytes), align: 0
  Segment part 62.            Intra module refs:   ?Subroutine4
                                                   ?Subroutine5
                                                   ?Subroutine8
                                                   rfIsr
           LOCAL                   ADDRESS         
           =====                   =======         
           ?Subroutine10           00000799 
    -------------------------------------------------------------------------
SFR_AN
  Relative segment, address: DATA 00000080 - 00000080 (0x1 bytes), align: 0
  Segment part 1. ROOT.       Intra module refs:   initial_lcd
                                                   transfer_command_lcd
                                                   transfer_data_lcd
           ENTRY                   ADDRESS         REF BY
           =====                   =======         ======
           _A_P0                   00000080 
           LOCAL                   ADDRESS         
           =====                   =======         
           P0                      00000080 
    -------------------------------------------------------------------------
SFR_AN
  Relative segment, address: DATA 00000086 - 00000086 (0x1 bytes), align: 0
  Segment part 2. ROOT.       Intra module refs:   main
           ENTRY                   ADDRESS         REF BY
           =====                   =======         ======
           U0CSR                   00000086 
    -------------------------------------------------------------------------
SFR_AN
  Relative segment, address: DATA 00000088 - 00000088 (0x1 bytes), align: 0
  Segment part 3. ROOT.       Intra module refs:   UART0_ISR
           ENTRY                   ADDRESS         REF BY
           =====                   =======         ======
           _A_TCON                 00000088 
           LOCAL                   ADDRESS         
           =====                   =======         
           TCON                    00000088 
    -------------------------------------------------------------------------
SFR_AN
  Relative segment, address: DATA 00000090 - 00000090 (0x1 bytes), align: 0
  Segment part 4. ROOT.       Intra module refs:   LCD_write_char
                                                   LCD_write_english_string
                                                   initial_lcd
                                                   main
           ENTRY                   ADDRESS         REF BY
           =====                   =======         ======
           _A_P1                   00000090 
           LOCAL                   ADDRESS         
           =====                   =======         
           P1                      00000090 
    -------------------------------------------------------------------------
SFR_AN
  Relative segment, address: DATA 00000091 - 00000091 (0x1 bytes), align: 0
  Segment part 5. ROOT.       Intra module refs:   basicRfSendPacket
                                                   halRfWriteTxBuf
           ENTRY                   ADDRESS         REF BY
           =====                   =======         ======
           RFIRQF1                 00000091 
    -------------------------------------------------------------------------
SFR_AN
  Relative segment, address: DATA 0000009A - 0000009A (0x1 bytes), align: 0
  Segment part 6. ROOT.       Intra module refs:   halRfDisableRxInterrupt
                                                   halRfEnableRxInterrupt
           ENTRY                   ADDRESS         REF BY
           =====                   =======         ======
           IEN2                    0000009A 
    -------------------------------------------------------------------------
SFR_AN
  Relative segment, address: DATA 0000009B - 0000009B (0x1 bytes), align: 0
  Segment part 7. ROOT.       Intra module refs:   rfIsr
           ENTRY                   ADDRESS         REF BY
           =====                   =======         ======
           S1CON                   0000009B 
    -------------------------------------------------------------------------
SFR_AN
  Relative segment, address: DATA 0000009D - 0000009D (0x1 bytes), align: 0
  Segment part 8. ROOT.       Intra module refs:   clockSetMainSrc
           ENTRY                   ADDRESS         REF BY
           =====                   =======         ======
           SLEEPSTA                0000009D 
    -------------------------------------------------------------------------
SFR_AN
  Relative segment, address: DATA 0000009E - 0000009E (0x1 bytes), align: 0
  Segment part 9. ROOT.       Intra module refs:   clockSelect32k
                                                   clockSetMainSrc
                                                   main
           ENTRY                   ADDRESS         REF BY
           =====                   =======         ======
           CLKCONSTA               0000009E 
    -------------------------------------------------------------------------
SFR_AN
  Relative segment, address: DATA 000000A8 - 000000A8 (0x1 bytes), align: 0
  Segment part 10. ROOT.      Intra module refs:   basicRfInit
                                                   basicRfRxFrmDoneIsr
                                                   main
                                                   rfIsr
           ENTRY                   ADDRESS         REF BY
           =====                   =======         ======
           _A_IEN0                 000000A8 
           LOCAL                   ADDRESS         
           =====                   =======         
           IEN0                    000000A8 
    -------------------------------------------------------------------------
SFR_AN
  Relative segment, address: DATA 000000BE - 000000BE (0x1 bytes), align: 0
  Segment part 11. ROOT.      Intra module refs:   clockSetMainSrc
           ENTRY                   ADDRESS         REF BY
           =====                   =======         ======
           SLEEPCMD                000000BE 
    -------------------------------------------------------------------------
SFR_AN
  Relative segment, address: DATA 000000C1 - 000000C1 (0x1 bytes), align: 0
  Segment part 12. ROOT.      Intra module refs:   UART0_ISR
           ENTRY                   ADDRESS         REF BY
           =====                   =======         ======
           U0DBUF                  000000C1 
    -------------------------------------------------------------------------
SFR_AN
  Relative segment, address: DATA 000000C2 - 000000C2 (0x1 bytes), align: 0
  Segment part 13. ROOT.      Intra module refs:   main
           ENTRY                   ADDRESS         REF BY
           =====                   =======         ======
           U0BAUD                  000000C2 
    -------------------------------------------------------------------------
SFR_AN
  Relative segment, address: DATA 000000C5 - 000000C5 (0x1 bytes), align: 0
  Segment part 14. ROOT.      Intra module refs:   main
           ENTRY                   ADDRESS         REF BY
           =====                   =======         ======
           U0GCR                   000000C5 
    -------------------------------------------------------------------------
SFR_AN
  Relative segment, address: DATA 000000C6 - 000000C6 (0x1 bytes), align: 0
  Segment part 15. ROOT.      Intra module refs:   clockSelect32k
                                                   clockSetMainSrc
                                                   main
           ENTRY                   ADDRESS         REF BY
           =====                   =======         ======
           CLKCONCMD               000000C6 
    -------------------------------------------------------------------------
SFR_AN
  Relative segment, address: DATA 000000D9 - 000000D9 (0x1 bytes), align: 0
  Segment part 16. ROOT.      Intra module refs:   halRfReadRxBuf
                                                   halRfWriteTxBuf
           ENTRY                   ADDRESS         REF BY
           =====                   =======         ======
           RFD                     000000D9 
    -------------------------------------------------------------------------
SFR_AN
  Relative segment, address: DATA 000000E1 - 000000E1 (0x1 bytes), align: 0
  Segment part 17. ROOT.      Intra module refs:   basicRfSendPacket
                                                   halRfWriteTxBuf
                                                   main
           ENTRY                   ADDRESS         REF BY
           =====                   =======         ======
           RFST                    000000E1 
    -------------------------------------------------------------------------
SFR_AN
  Relative segment, address: DATA 000000E8 - 000000E8 (0x1 bytes), align: 0
  Segment part 18. ROOT.      Intra module refs:   main
           ENTRY                   ADDRESS         REF BY
           =====                   =======         ======
           _A_IRCON2               000000E8 
           LOCAL                   ADDRESS         
           =====                   =======         
           IRCON2                  000000E8 
    -------------------------------------------------------------------------
SFR_AN
  Relative segment, address: DATA 000000E9 - 000000E9 (0x1 bytes), align: 0
  Segment part 19. ROOT.      Intra module refs:   rfIsr
           ENTRY                   ADDRESS         REF BY
           =====                   =======         ======
           RFIRQF0                 000000E9 
    -------------------------------------------------------------------------
SFR_AN
  Relative segment, address: DATA 000000F1 - 000000F1 (0x1 bytes), align: 0
  Segment part 20. ROOT.      Intra module refs:   main
           ENTRY                   ADDRESS         REF BY
           =====                   =======         ======
           PERCFG                  000000F1 
    -------------------------------------------------------------------------
SFR_AN
  Relative segment, address: DATA 000000F3 - 000000F3 (0x1 bytes), align: 0
  Segment part 21. ROOT.      Intra module refs:   main
           ENTRY                   ADDRESS         REF BY
           =====                   =======         ======
           P0SEL                   000000F3 
    -------------------------------------------------------------------------
SFR_AN
  Relative segment, address: DATA 000000FD - 000000FD (0x1 bytes), align: 0
  Segment part 22. ROOT.      Intra module refs:   main
           ENTRY                   ADDRESS         REF BY
           =====                   =======         ======
           P0DIR                   000000FD 
    -------------------------------------------------------------------------
SFR_AN
  Relative segment, address: DATA 000000FE - 000000FE (0x1 bytes), align: 0
  Segment part 23. ROOT.      Intra module refs:   main
           ENTRY                   ADDRESS         REF BY
           =====                   =======         ======
           P1DIR                   000000FE 
    -------------------------------------------------------------------------
SFR_AN
  Relative segment, address: DATA 000000FF - 000000FF (0x1 bytes), align: 0
  Segment part 24. ROOT.      Intra module refs:   main
           ENTRY                   ADDRESS         REF BY
           =====                   =======         ======
           P2DIR                   000000FF 
    -------------------------------------------------------------------------
NEAR_CODE
  Relative segment, address: CODE 0000079F - 000007D0 (0x32 bytes), align: 0
  Segment part 63.            Intra module refs:   main
           ENTRY                   ADDRESS         REF BY
           =====                   =======         ======
           clockSetMainSrc         0000079F 
    -------------------------------------------------------------------------
NEAR_CODE
  Relative segment, address: CODE 000007D1 - 000007F6 (0x26 bytes), align: 0
  Segment part 64.            Intra module refs:   main
           ENTRY                   ADDRESS         REF BY
           =====                   =======         ======
           clockSelect32k          000007D1 
    -------------------------------------------------------------------------
NEAR_CODE
  Relative segment, address: CODE 000007F7 - 00000821 (0x2b bytes), align: 0
  Segment part 65.            Intra module refs:   basicRfSendPacket
                                                   halMcuWaitMs
           ENTRY                   ADDRESS         REF BY
           =====                   =======         ======
           halMcuWaitUs            000007F7 
               XSTACK = 0000000A ( 00000000 )
    -------------------------------------------------------------------------
NEAR_CODE
  Relative segment, address: CODE 00000822 - 00000848 (0x27 bytes), align: 0
  Segment part 66.            Intra module refs:   main
           ENTRY                   ADDRESS         REF BY
           =====                   =======         ======
           halMcuWaitMs            00000822 
               calls direct
               XSTACK = 00000000 ( 00000008 )
    -------------------------------------------------------------------------
XDATA_Z
  Relative segment, address: XDATA 000002FC - 000002FD (0x2 bytes), align: 0
  Segment part 42.            Intra module refs:   basicRfInit
                                                   rfIsr
           LOCAL                   ADDRESS         
           =====                   =======         
           pfISR                   000002FC 
    -------------------------------------------------------------------------
NEAR_CODE
  Relative segment, address: CODE 00000849 - 0000086B (0x23 bytes), align: 0
  Segment part 67.            Intra module refs:   basicRfInit
                                                   main
           ENTRY                   ADDRESS         REF BY
           =====                   =======         ======
           halRfInit               00000849 
               calls direct
               ISTACK = 00000000 ( 00000002 )
    -------------------------------------------------------------------------
NEAR_CODE
  Relative segment, address: CODE 0000086C - 00000892 (0x27 bytes), align: 0
  Segment part 68.            Intra module refs:   basicRfSendPacket
           ENTRY                   ADDRESS         REF BY
           =====                   =======         ======
           halRfWriteTxBuf         0000086C 
               XSTACK = 0000000A ( 00000009 )
    -------------------------------------------------------------------------
NEAR_CODE
  Relative segment, address: CODE 00000893 - 000008A8 (0x16 bytes), align: 0
  Segment part 69.            Intra module refs:   basicRfRxFrmDoneIsr
           ENTRY                   ADDRESS         REF BY
           =====                   =======         ======
           halRfReadRxBuf          00000893 
               ISTACK = 00000000 ( 00000003 )
    -------------------------------------------------------------------------
NEAR_CODE
  Relative segment, address: CODE 000008A9 - 000008AD (0x5 bytes), align: 0
  Segment part 70.            Intra module refs:   basicRfInit
                                                   basicRfRxFrmDoneIsr
                                                   halRfDisableRxInterrupt
                                                   halRfEnableRxInterrupt
                                                   halRfInit
                                                   halRfReadRxBuf
           LOCAL                   ADDRESS         
           =====                   =======         
           ?Subroutine0            000008A9 
    -------------------------------------------------------------------------
NEAR_CODE
  Relative segment, address: CODE 000008AE - 000008BD (0x10 bytes), align: 0
  Segment part 71.            Intra module refs:   basicRfRxFrmDoneIsr
                                                   basicRfSendPacket
           ENTRY                   ADDRESS         REF BY
           =====                   =======         ======
           halRfDisableRxInterrupt
                                   000008AE 
               XSTACK = 0000000A ( 00000000 )
               ISTACK = 00000000 ( 00000002 )
    -------------------------------------------------------------------------
NEAR_CODE
  Relative segment, address: CODE 000008BE - 000008CD (0x10 bytes), align: 0
  Segment part 72.            Intra module refs:   basicRfRxFrmDoneIsr
                                                   basicRfSendPacket
                                                   halRfInit
           ENTRY                   ADDRESS         REF BY
           =====                   =======         ======
           halRfEnableRxInterrupt
                                   000008BE 
               XSTACK = 0000000A ( 00000000 )
               ISTACK = 00000000 ( 00000002 )
    -------------------------------------------------------------------------
NEAR_CODE
  Relative segment, address: CODE 000008CE - 00000901 (0x34 bytes), align: 0
  Segment part 73.            Intra module refs:   rfIsr::??INTVEC 131
           ENTRY                   ADDRESS         REF BY
           =====                   =======         ======
           rfIsr                   000008CE 
               interrupt function
               XSTACK = 00000000 ( 0000000E )
    -------------------------------------------------------------------------
XDATA_I
  Relative segment, address: XDATA 00000368 - 0000058F (0x228 bytes), align: 0
  Segment part 43.            Intra module refs:   LCD_write_char
           LOCAL                   ADDRESS         
           =====                   =======         
           font6x8                 00000368 
    -------------------------------------------------------------------------
XDATA_I
  Relative segment, address: XDATA 00000590 - 00000593 (0x4 bytes), align: 0
  Segment part 52.            Intra module refs:   basicRfInit
           ENTRY                   ADDRESS         REF BY
           =====                   =======         ======
           __Constant_0            00000590 
    -------------------------------------------------------------------------
NEAR_CODE
  Relative segment, address: CODE 00000902 - 00000929 (0x28 bytes), align: 0
  Segment part 74.            Intra module refs:   ?Subroutine6
                                                   initial_lcd
                                                   lcd_address
                                                   main
           ENTRY                   ADDRESS         REF BY
           =====                   =======         ======
           transfer_command_lcd    00000902 
               calls direct
               XSTACK = 00000008 ( 00000008 )
    -------------------------------------------------------------------------
NEAR_CODE
  Relative segment, address: CODE 0000092A - 0000092E (0x5 bytes), align: 0
  Segment part 75.            Intra module refs:   lcd_address
                                                   transfer_command_lcd
                                                   transfer_data_lcd
           LOCAL                   ADDRESS         
           =====                   =======         
           ?Subroutine2            0000092A 
    -------------------------------------------------------------------------
NEAR_CODE
  Relative segment, address: CODE 0000092F - 00000953 (0x25 bytes), align: 0
  Segment part 76.            Intra module refs:   LCD_write_char
                                                   main
           ENTRY                   ADDRESS         REF BY
           =====                   =======         ======
           transfer_data_lcd       0000092F 
               calls direct
               XSTACK = 00000009 ( 00000008 )
    -------------------------------------------------------------------------
NEAR_CODE
  Relative segment, address: CODE 00000954 - 00000968 (0x15 bytes), align: 0
  Segment part 77.            Intra module refs:   transfer_command_lcd
                                                   transfer_data_lcd
           LOCAL                   ADDRESS         
           =====                   =======         
           ?Subroutine7            00000954 
    -------------------------------------------------------------------------
NEAR_CODE
  Relative segment, address: CODE 00000969 - 00000983 (0x1b bytes), align: 0
  Segment part 78.            Intra module refs:   ?Subroutine6
                                                   initial_lcd
           ENTRY                   ADDRESS         REF BY
           =====                   =======         ======
           delay                   00000969 
    -------------------------------------------------------------------------
NEAR_CODE
  Relative segment, address: CODE 00000984 - 0000098E (0xb bytes), align: 0
  Segment part 79.            Intra module refs:   ?Subroutine7
                                                   transfer_command_lcd
                                                   transfer_data_lcd
           ENTRY                   ADDRESS         REF BY
           =====                   =======         ======
           LCD_delay               00000984 
               XSTACK = 00000008 ( 00000000 )
    -------------------------------------------------------------------------
NEAR_CODE
  Relative segment, address: CODE 0000098F - 000009F1 (0x63 bytes), align: 0
  Segment part 80.            Intra module refs:   main
           ENTRY                   ADDRESS         REF BY
           =====                   =======         ======
           initial_lcd             0000098F 
               calls direct
    -------------------------------------------------------------------------
NEAR_CODE
  Relative segment, address: CODE 000009F2 - 000009FE (0xd bytes), align: 0
  Segment part 81.            Intra module refs:   initial_lcd
           LOCAL                   ADDRESS         
           =====                   =======         
           ?Subroutine6            000009F2 
    -------------------------------------------------------------------------
NEAR_CODE
  Relative segment, address: CODE 000009FF - 00000A29 (0x2b bytes), align: 0
  Segment part 82.            Intra module refs:   LCD_write_english_string
           ENTRY                   ADDRESS         REF BY
           =====                   =======         ======
           lcd_address             000009FF 
               calls direct
               XSTACK = 00000009 ( 00000008 )
    -------------------------------------------------------------------------
NEAR_CODE
  Relative segment, address: CODE 00000A2A - 00000A62 (0x39 bytes), align: 0
  Segment part 83.            Intra module refs:   LCD_write_english_string
           ENTRY                   ADDRESS         REF BY
           =====                   =======         ======
           LCD_write_char          00000A2A 
               calls direct
               XSTACK = 00000009 ( 00000009 )
    -------------------------------------------------------------------------
NEAR_CODE
  Relative segment, address: CODE 00000A63 - 00000A64 (0x2 bytes), align: 0
  Segment part 84.            Intra module refs:   LCD_write_char
                                                   LCD_write_english_string
           LOCAL                   ADDRESS         
           =====                   =======         
           ?Subroutine1            00000A63 
    -------------------------------------------------------------------------
NEAR_CODE
  Relative segment, address: CODE 00000A65 - 00000A69 (0x5 bytes), align: 0
  Segment part 85.            Intra module refs:   ?Subroutine1
                                                   halRfWriteTxBuf
    -------------------------------------------------------------------------
NEAR_CODE
  Relative segment, address: CODE 00000A6A - 00000A8F (0x26 bytes), align: 0
  Segment part 86.            Intra module refs:   main
           ENTRY                   ADDRESS         REF BY
           =====                   =======         ======
           LCD_write_english_string
                                   00000A6A 
               calls direct
               XSTACK = 00000000 ( 00000009 )
    -------------------------------------------------------------------------
XDATA_Z
  Relative segment, address: XDATA 000002FE - 000002FE (0x1 bytes), align: 0
  Segment part 45.            Intra module refs:   main
           LOCAL                   ADDRESS         
           =====                   =======         
           pTxData                 000002FE 
    -------------------------------------------------------------------------
XDATA_Z
  Relative segment, address: XDATA 000002FF - 00000304 (0x6 bytes), align: 0
  Segment part 46.            Intra module refs:   main
           LOCAL                   ADDRESS         
           =====                   =======         
           basicRfConfig           000002FF 
    -------------------------------------------------------------------------
XDATA_Z
  Relative segment, address: XDATA 00000305 - 00000305 (0x1 bytes), align: 0
  Segment part 47.            Intra module refs:   main
           LOCAL                   ADDRESS         
           =====                   =======         
           v                       00000305 
    -------------------------------------------------------------------------
XDATA_Z
  Relative segment, address: XDATA 00000306 - 00000306 (0x1 bytes), align: 0
  Segment part 48.            Intra module refs:   UART0_ISR
                                                   main
           ENTRY                   ADDRESS         REF BY
           =====                   =======         ======
           RxBuf                   00000306 
    -------------------------------------------------------------------------
XDATA_Z
  Relative segment, address: XDATA 00000307 - 00000307 (0x1 bytes), align: 0
  Segment part 49.            Intra module refs:   main
           ENTRY                   ADDRESS         REF BY
           =====                   =======         ======
           UartState               00000307 
    -------------------------------------------------------------------------
XDATA_Z
  Relative segment, address: XDATA 00000308 - 00000308 (0x1 bytes), align: 0
  Segment part 50.            Intra module refs:   main
           ENTRY                   ADDRESS         REF BY
           =====                   =======         ======
           count1                  00000308 
    -------------------------------------------------------------------------
XDATA_Z
  Relative segment, address: XDATA 00000309 - 0000033B (0x33 bytes), align: 0
  Segment part 51.            Intra module refs:   main
           ENTRY                   ADDRESS         REF BY
           =====                   =======         ======
           RxData                  00000309 
    -------------------------------------------------------------------------
NEAR_CODE
  Relative segment, address: CODE 00000A90 - 00000AA8 (0x19 bytes), align: 0
  Segment part 87.            Intra module refs:   UART0_ISR::??INTVEC 19
           ENTRY                   ADDRESS         REF BY
           =====                   =======         ======
           UART0_ISR               00000A90 
               interrupt function
               ISTACK = 00000000 ( 00000004 )
    -------------------------------------------------------------------------
NEAR_CODE
  Relative segment, address: CODE 00000AA9 - 00000C92 (0x1ea bytes), align: 0
  Segment part 88.
           ENTRY                   ADDRESS         REF BY
           =====                   =======         ======
           main                    00000AA9        ?call_main (?cmain)
               calls direct
               XSTACK = 00000000 ( 00000002 )
               ISTACK = 00000000 ( 00000002 )
    -------------------------------------------------------------------------
INTVEC
  Common segment, address: CODE 00000000 - 00000015 (0x16 bytes), align: 0
  Segment part 25. ROOT.
           ENTRY                   ADDRESS         REF BY
           =====                   =======         ======
           UART0_ISR::??INTVEC 19
                                   00000013 
    -------------------------------------------------------------------------
INTVEC
  Common segment, address: CODE 00000000 - 00000085 (0x86 bytes), align: 0
  Segment part 26. ROOT.
           ENTRY                   ADDRESS         REF BY
           =====                   =======         ======
           rfIsr::??INTVEC 131     00000083 
    -------------------------------------------------------------------------
XDATA_ID
  Relative segment, address: CODE 000000E5 - 000000F4 (0x10 bytes), align: 0
  Segment part 33.            Intra module refs:   Segment part 32
    -------------------------------------------------------------------------
XDATA_ID
  Relative segment, address: CODE 000000F5 - 00000104 (0x10 bytes), align: 0
  Segment part 35.            Intra module refs:   Segment part 34
    -------------------------------------------------------------------------
XDATA_ID
  Relative segment, address: CODE 00000105 - 00000110 (0xc bytes), align: 0
  Segment part 37.            Intra module refs:   rxi
    -------------------------------------------------------------------------
XDATA_ID
  Relative segment, address: CODE 00000111 - 00000338 (0x228 bytes), align: 0
  Segment part 44.            Intra module refs:   font6x8
    -------------------------------------------------------------------------
XDATA_ID
  Relative segment, address: CODE 00000339 - 0000033C (0x4 bytes), align: 0
  Segment part 53.            Intra module refs:   __Constant_0

    *************************************************************************

  FILE NAME : C:\Users\Administrator\Desktop\ÎÄ¼þ¼Ð\yjj\1.³ö³§²âÊÔ³ÌÐò_send\1.³ö³§²âÊÔ³ÌÐò\ide\srf05_cc2530\iar\temp\light_switch\basic_rf_security.r51
    *************************************************************************

  FILE NAME : C:\Users\Administrator\Desktop\ÎÄ¼þ¼Ð\yjj\1.³ö³§²âÊÔ³ÌÐò_send\1.³ö³§²âÊÔ³ÌÐò\ide\srf05_cc2530\iar\temp\light_switch\clock.r51
    *************************************************************************

  FILE NAME : C:\Users\Administrator\Desktop\ÎÄ¼þ¼Ð\yjj\1.³ö³§²âÊÔ³ÌÐò_send\1.³ö³§²âÊÔ³ÌÐò\ide\srf05_cc2530\iar\temp\light_switch\hal_assert.r51
    *************************************************************************

  FILE NAME : C:\Users\Administrator\Desktop\ÎÄ¼þ¼Ð\yjj\1.³ö³§²âÊÔ³ÌÐò_send\1.³ö³§²âÊÔ³ÌÐò\ide\srf05_cc2530\iar\temp\light_switch\hal_board.r51
    *************************************************************************

  FILE NAME : C:\Users\Administrator\Desktop\ÎÄ¼þ¼Ð\yjj\1.³ö³§²âÊÔ³ÌÐò_send\1.³ö³§²âÊÔ³ÌÐò\ide\srf05_cc2530\iar\temp\light_switch\hal_int.r51
    *************************************************************************

  FILE NAME : C:\Users\Administrator\Desktop\ÎÄ¼þ¼Ð\yjj\1.³ö³§²âÊÔ³ÌÐò_send\1.³ö³§²âÊÔ³ÌÐò\ide\srf05_cc2530\iar\temp\light_switch\hal_lcd_srf05.r51
    *************************************************************************

  FILE NAME : C:\Users\Administrator\Desktop\ÎÄ¼þ¼Ð\yjj\1.³ö³§²âÊÔ³ÌÐò_send\1.³ö³§²âÊÔ³ÌÐò\ide\srf05_cc2530\iar\temp\light_switch\hal_mcu.r51
    *************************************************************************

  FILE NAME : C:\Users\Administrator\Desktop\ÎÄ¼þ¼Ð\yjj\1.³ö³§²âÊÔ³ÌÐò_send\1.³ö³§²âÊÔ³ÌÐò\ide\srf05_cc2530\iar\temp\light_switch\hal_rf.r51
    *************************************************************************

  FILE NAME : C:\Users\Administrator\Desktop\ÎÄ¼þ¼Ð\yjj\1.³ö³§²âÊÔ³ÌÐò_send\1.³ö³§²âÊÔ³ÌÐò\ide\srf05_cc2530\iar\temp\light_switch\hal_rf_security.r51
    *************************************************************************

  FILE NAME : C:\Users\Administrator\Desktop\ÎÄ¼þ¼Ð\yjj\1.³ö³§²âÊÔ³ÌÐò_send\1.³ö³§²âÊÔ³ÌÐò\ide\srf05_cc2530\iar\temp\light_switch\util.r51
    *************************************************************************

  FILE NAME : C:\Users\Administrator\Desktop\ÎÄ¼þ¼Ð\yjj\1.³ö³§²âÊÔ³ÌÐò_send\1.³ö³§²âÊÔ³ÌÐò\ide\srf05_cc2530\iar\temp\light_switch\util_buffer.r51
    *************************************************************************

  FILE NAME : C:\Program Files\IAR Systems\Embedded Workbench 6.0 Evaluation_0\8051\LIB\CLIB\cl-pli-nlxd-1e16x01.r51
  LIBRARY MODULE, NAME : ?cexit

  SEGMENTS IN THE MODULE
  ======================
CSTART
  Relative segment, address: CODE 00000086 - 0000008A (0x5 bytes), align: 0
  Segment part 0.
           ENTRY                   ADDRESS         REF BY
           =====                   =======         ======
           exit                    00000086        ?call_main (?cmain)
           ?C_EXIT                 00000086 
           ?ROM_MONITOR_NOPS       00000086 

    -------------------------------------------------------------------------
  LIBRARY MODULE, NAME : ?cmain

  SEGMENTS IN THE MODULE
  ======================
CSTART
  Relative segment, address: CODE 0000008B, align: 0
  Segment part 0.
           ENTRY                   ADDRESS         REF BY
           =====                   =======         ======
           ?cmain                  0000008B        Segment part 13 (CSTARTUP)
    -------------------------------------------------------------------------
CSTART
  Relative segment, address: CODE 0000008B - 00000093 (0x9 bytes), align: 0
  Segment part 1.
           ENTRY                   ADDRESS         REF BY
           =====                   =======         ======
           __low_level_init_call   0000008B        __low_level_init (?low_level_init)
    -------------------------------------------------------------------------
CSTART
  Relative segment, address: CODE 00000094 - 000000A3 (0x10 bytes), align: 0
  Segment part 11.
           ENTRY                   ADDRESS         REF BY
           =====                   =======         ======
           __INIT_XDATA_Z          00000094        RxBuf (basic_rf)
                                                   RxData (basic_rf)
                                                   UartState (basic_rf)
                                                   basicRfConfig (basic_rf)
                                                   count1 (basic_rf)
                                                   pConfig (basic_rf)
                                                   pTxData (basic_rf)
                                                   pfISR (basic_rf)
                                                   rxMpdu (basic_rf)
                                                   txMpdu (basic_rf)
                                                   txState (basic_rf)
                                                   v (basic_rf)
    -------------------------------------------------------------------------
CSTART
  Relative segment, address: CODE 000000A4 - 000000CC (0x29 bytes), align: 0
  Segment part 28.
           ENTRY                   ADDRESS         REF BY
           =====                   =======         ======
           __INIT_XDATA_I          000000A4        Segment part 32 (basic_rf)
                                                   Segment part 34 (basic_rf)
                                                   __Constant_0 (basic_rf)
                                                   font6x8 (basic_rf)
                                                   rxi (basic_rf)
    -------------------------------------------------------------------------
CSTART
  Relative segment, address: CODE 000000CD, align: 0
  Segment part 32.            Intra module refs:   __low_level_init_call
    -------------------------------------------------------------------------
CSTART
  Relative segment, address: CODE 000000CD - 000000D2 (0x6 bytes), align: 0
  Segment part 33.            Intra module refs:   ?cmain
           ENTRY                   ADDRESS         REF BY
           =====                   =======         ======
           ?call_main              000000CD 

    -------------------------------------------------------------------------
  LIBRARY MODULE, NAME : CSTARTUP

  SEGMENTS IN THE MODULE
  ======================
REGISTERS
  Relative segment, address: DATA 00000000, align: 0
  Segment part 0.             Intra module refs:   Segment part 6
           ENTRY                   ADDRESS         REF BY
           =====                   =======         ======
           ?REGISTERS              00000000 
    -------------------------------------------------------------------------
ISTACK
  Relative segment, address: IDATA 000000C0, align: 0
  Segment part 1.             Intra module refs:   Segment part 6
           ENTRY                   ADDRESS         REF BY
           =====                   =======         ======
           ?ISTACK_START           000000C0 
    -------------------------------------------------------------------------
XSTACK
  Relative segment, address: XDATA 00000001, align: 0
  Segment part 3.             Intra module refs:   ?RESET_XSP
           ENTRY                   ADDRESS         REF BY
           =====                   =======         ======
           ?XSTACK_START           00000001 
    -------------------------------------------------------------------------
INTVEC
  Common segment, address: CODE 00000000 - 00000002 (0x3 bytes), align: 0
  Segment part 5. ROOT.       Intra module refs:   Segment part 6
    -------------------------------------------------------------------------
CSTART
  Relative segment, address: CODE 000000D3 - 000000D8 (0x6 bytes), align: 0
  Segment part 6. ROOT.       Intra module refs:   Segment part 5
           ENTRY                   ADDRESS         REF BY
           =====                   =======         ======
           __program_start         000000D3        Absolute parts (?ABS_ENTRY_MOD)
           ?RESET_SP               000000D6 
    -------------------------------------------------------------------------
CSTART
  Relative segment, address: CODE 000000D9 - 000000DE (0x6 bytes), align: 0
  Segment part 8.
           ENTRY                   ADDRESS         REF BY
           =====                   =======         ======
           ?RESET_XSP              000000D9        ?XSP (VIRTUAL_REGISTERS)
    -------------------------------------------------------------------------
CSTART
  Relative segment, address: CODE 000000DF - 000000E1 (0x3 bytes), align: 0
  Segment part 13.            Intra module refs:   Absolute parts

    -------------------------------------------------------------------------
  LIBRARY MODULE, NAME : VIRTUAL_REGISTERS

  SEGMENTS IN THE MODULE
  ======================
BREG
  Relative segment, address: BIT 00000020.0 - 00000020.7 (0x8 bits), align: 0
  Segment part 0.
           ENTRY                   ADDRESS         REF BY
           =====                   =======         ======
           ?B0                     00000020.0      Absolute parts (CSTARTUP)
    -------------------------------------------------------------------------
VREG
  Relative segment, address: DATA 00000008, align: 0
  Segment part 1.
           ENTRY                   ADDRESS         REF BY
           =====                   =======         ======
           ?V0                     00000008        ?FUNC_ENTER_XDATA (?FUNC_ENTER_XDATA)
                                                   ?FUNC_LEAVE_XDATA (?FUNC_LEAVE_XDATA)
                                                   ?INTERRUPT_ENTER_XSP (?INTERRUPT_ENTER_XSP)
                                                   ?INTERRUPT_LEAVE_XSP (?INTERRUPT_LEAVE_XSP)
                                                   ?Subroutine7 (basic_rf)
                                                   LCD_write_char (basic_rf)
                                                   LCD_write_english_string (basic_rf)
                                                   basicRfSendPacket (basic_rf)
                                                   halRfWriteTxBuf (basic_rf)
                                                   main (basic_rf)
                                                   transfer_command_lcd (basic_rf)
                                                   transfer_data_lcd (basic_rf)
    -------------------------------------------------------------------------
XSP
  Relative segment, address: DATA 00000010 - 00000011 (0x2 bytes), align: 0
  Segment part 3.
           ENTRY                   ADDRESS         REF BY
           =====                   =======         ======
           ?XSP                    00000010        ?ADD_XSTACK_DISP0_8 (?ADD_XSTACK_DISP8)
                                                   ?DEALLOC_XSTACK8 (?DEALLOC_XSTACK8)
                                                   ?FUNC_ENTER_XDATA (?FUNC_ENTER_XDATA)
                                                   ?FUNC_LEAVE_XDATA (?FUNC_LEAVE_XDATA)
                                                   ?INTERRUPT_ENTER_XSP (?INTERRUPT_ENTER_XSP)
                                                   ?INTERRUPT_LEAVE_XSP (?INTERRUPT_LEAVE_XSP)
                                                   ?RESET_XSP (CSTARTUP)
                                                   ?XSTACK_DISP0_8 (?XSTACK_DISP8)

    -------------------------------------------------------------------------
  LIBRARY MODULE, NAME : ?XLOAD_R2345

  SEGMENTS IN THE MODULE
  ======================
RCODE
  Relative segment, address: CODE 0000033D - 00000348 (0xc bytes), align: 0
  Segment part 0.
           ENTRY                   ADDRESS         REF BY
           =====                   =======         ======
           ?XLOAD_R2345            0000033D        basicRfInit (basic_rf)

    -------------------------------------------------------------------------
  LIBRARY MODULE, NAME : ?XSTORE_R2345

  SEGMENTS IN THE MODULE
  ======================
RCODE
  Relative segment, address: CODE 00000349 - 00000354 (0xc bytes), align: 0
  Segment part 0.
           ENTRY                   ADDRESS         REF BY
           =====                   =======         ======
           ?XSTORE_R2345           00000349        basicRfInit (basic_rf)

    -------------------------------------------------------------------------
  LIBRARY MODULE, NAME : ?MOVE_LONG8_XDATA_IDATA

  SEGMENTS IN THE MODULE
  ======================
RCODE
  Relative segment, address: CODE 00000355 - 00000361 (0xd bytes), align: 0
  Segment part 0.
           ENTRY                   ADDRESS         REF BY
           =====                   =======         ======
           ?MOVE_LONG8_XDATA_IDATA
                                   00000355        ?PUSH_XSTACK_I (?PUSH_XSTACK_I)

    -------------------------------------------------------------------------
  LIBRARY MODULE, NAME : ?DEALLOC_XSTACK8

  SEGMENTS IN THE MODULE
  ======================
RCODE
  Relative segment, address: CODE 00000362 - 0000037B (0x1a bytes), align: 0
  Segment part 0.
           ENTRY                   ADDRESS         REF BY
           =====                   =======         ======
           ?DEALLOC_XSTACK8        00000362        main (basic_rf)

    -------------------------------------------------------------------------
  LIBRARY MODULE, NAME : ?ADD_XSTACK_DISP8

  SEGMENTS IN THE MODULE
  ======================
RCODE
  Relative segment, address: CODE 0000037C - 00000396 (0x1b bytes), align: 0
  Segment part 1.
           ENTRY                   ADDRESS         REF BY
           =====                   =======         ======
           ?ADD_XSTACK_DISP0_8     0000037C        ?PUSH_XSTACK_I (?PUSH_XSTACK_I)

    -------------------------------------------------------------------------
  LIBRARY MODULE, NAME : ?XSTACK_DISP8

  SEGMENTS IN THE MODULE
  ======================
RCODE
  Relative segment, address: CODE 00000397 - 000003A0 (0xa bytes), align: 0
  Segment part 1.
           ENTRY                   ADDRESS         REF BY
           =====                   =======         ======
           ?XSTACK_DISP0_8         00000397        memset (?memset)

    -------------------------------------------------------------------------
  LIBRARY MODULE, NAME : ?CALL_IND

  SEGMENTS IN THE MODULE
  ======================
RCODE
  Relative segment, address: CODE 000003A1 - 000003A2 (0x2 bytes), align: 0
  Segment part 0.
           ENTRY                   ADDRESS         REF BY
           =====                   =======         ======
           ?CALL_IND               000003A1        rfIsr (basic_rf)

    -------------------------------------------------------------------------
  LIBRARY MODULE, NAME : ?FUNC_ENTER_XDATA

  SEGMENTS IN THE MODULE
  ======================
RCODE
  Relative segment, address: CODE 000003A3 - 00000408 (0x66 bytes), align: 0
  Segment part 1.
           ENTRY                   ADDRESS         REF BY
           =====                   =======         ======
           ?FUNC_ENTER_XDATA       000003A3        LCD_write_char (basic_rf)
                                                   LCD_write_english_string (basic_rf)
                                                   basicRfSendPacket (basic_rf)
                                                   halMcuWaitMs (basic_rf)
                                                   halRfWriteTxBuf (basic_rf)
                                                   lcd_address (basic_rf)
                                                   memset (?memset)
                                                   transfer_command_lcd (basic_rf)
                                                   transfer_data_lcd (basic_rf)

    -------------------------------------------------------------------------
  LIBRARY MODULE, NAME : ?FUNC_LEAVE_XDATA

  SEGMENTS IN THE MODULE
  ======================
RCODE
  Relative segment, address: CODE 00000409 - 00000448 (0x40 bytes), align: 0
  Segment part 1.
           ENTRY                   ADDRESS         REF BY
           =====                   =======         ======
           ?FUNC_LEAVE_XDATA       00000409        ?Subroutine2 (basic_rf)
                                                   Segment part 85 (basic_rf)
                                                   basicRfSendPacket (basic_rf)
                                                   halMcuWaitMs (basic_rf)
                                                   memset (?memset)

    -------------------------------------------------------------------------
  LIBRARY MODULE, NAME : ?INTERRUPT_ENTER_XSP

  SEGMENTS IN THE MODULE
  ======================
RCODE
  Relative segment, address: CODE 00000449 - 000004A7 (0x5f bytes), align: 0
  Segment part 1.
           ENTRY                   ADDRESS         REF BY
           =====                   =======         ======
           ?INTERRUPT_ENTER_XSP    00000449        rfIsr (basic_rf)

    -------------------------------------------------------------------------
  LIBRARY MODULE, NAME : ?INTERRUPT_LEAVE_XSP

  SEGMENTS IN THE MODULE
  ======================
RCODE
  Relative segment, address: CODE 000004A8 - 000004FF (0x58 bytes), align: 0
  Segment part 1.
           ENTRY                   ADDRESS         REF BY
           =====                   =======         ======
           ?INTERRUPT_LEAVE_XSP    000004A8        rfIsr (basic_rf)

    -------------------------------------------------------------------------
  LIBRARY MODULE, NAME : ?PUSH_XSTACK_I

  SEGMENTS IN THE MODULE
  ======================
RCODE
  Relative segment, address: CODE 00000500 - 00000503 (0x4 bytes), align: 0
  Segment part 2.
           ENTRY                   ADDRESS         REF BY
           =====                   =======         ======
           ?PUSH_XSTACK_I_TWO      00000500        main (basic_rf)
    -------------------------------------------------------------------------
RCODE
  Relative segment, address: CODE 00000504 - 00000510 (0xd bytes), align: 0
  Segment part 4.             Intra module refs:   ?PUSH_XSTACK_I_TWO
           ENTRY                   ADDRESS         REF BY
           =====                   =======         ======
           ?PUSH_XSTACK_I          00000504 

    -------------------------------------------------------------------------
  LIBRARY MODULE, NAME : ?memset

  SEGMENTS IN THE MODULE
  ======================
NEAR_CODE
  Relative segment, address: CODE 00000C93 - 00000CBF (0x2d bytes), align: 0
  Segment part 6.
           ENTRY                   ADDRESS         REF BY
           =====                   =======         ======
           memset                  00000C93        main (basic_rf)
               XSTACK = 00000002 ( 00000008 )
               ISTACK = 00000000 ( 00000001 )

    -------------------------------------------------------------------------
  LIBRARY MODULE, NAME : ?low_level_init

  SEGMENTS IN THE MODULE
  ======================
CSTART
  Relative segment, address: CODE 000000E2 - 000000E4 (0x3 bytes), align: 0
  Segment part 6. ROOT.
           ENTRY                   ADDRESS         REF BY
           =====                   =======         ======
           __low_level_init        000000E2        __low_level_init_call (?cmain)




                ****************************************
                *                                      *
                *            MODULE SUMMARY            *
                *                                      *
                ****************************************

Module                    CODE      DATA      XDATA  IDATA    BIT
------                    ----      ----      -----  -----    ---
                         (Rel)  (Rel)  (Abs)  (Rel)  (Rel)  (Rel)
?ADD_XSTACK_DISP8           27
?CALL_IND                    2
?DEALLOC_XSTACK8            26
?FUNC_ENTER_XDATA          102
?FUNC_LEAVE_XDATA           64
?INTERRUPT_ENTER_XSP        95
?INTERRUPT_LEAVE_XSP        88
?MOVE_LONG8_XDATA_IDATA     13
?PUSH_XSTACK_I              17
?XLOAD_R2345                12
?XSTACK_DISP8               10
?XSTORE_R2345               12
?cexit                       5
?cmain                      72
?low_level_init              3
?memset                     45
CSTARTUP                    15
  + common                   3
VIRTUAL_REGISTERS                   2                           8
basic_rf                 2 522            24    916
  + common                 134
N/A (command line)                 16           511     64
N/A (alignment)
----------               -----     --     --  -----     --      -
Total:                   3 130     18     24  1 427     64      8
  + common                 134


                ****************************************
                *                                      *
                *      SEGMENTS IN ADDRESS ORDER       *
                *                                      *
                ****************************************


SEGMENT              SPACE    START ADDRESS   END ADDRESS     SIZE  TYPE  ALIGN
=======              =====    =============   ===========     ====  ====  =====
INTVEC               CODE          00000000 - 00000085          86   com    0
CSTART               CODE          00000086 - 000000E4          5F   rel    0
BDATA_ID             CODE               000000E5                     dse    0
BIT_ID               CODE               000000E5                     dse    0
DATA_ID              CODE               000000E5                     dse    0
IDATA_ID             CODE               000000E5                     dse    0
IXDATA_ID            CODE               000000E5                     dse    0
PDATA_ID             CODE               000000E5                     dse    0
XDATA_ID             CODE          000000E5 - 0000033C         258   rel    0
RCODE                CODE          0000033D - 00000510         1D4   rel    0
CODE_C               CODE               00000511                     dse    0
CODE_N               CODE               00000511                     dse    0
DIFUNCT              CODE               00000511                     dse    0
NEAR_CODE            CODE          00000511 - 00000CBF         7AF   rel    0
REGISTERS            DATA          00000000 - 00000007           8   rel    0
VREG                 DATA          00000008 - 0000000F           8   rel    0
PSP                  DATA               00000010                     dse    0
XSP                  DATA          00000010 - 00000011           2   rel    0
BREG                 BIT        00000020.0  -  00000020.7        8   rel    0
SFR_AN               DATA          00000080 - 00000080           1   rel    0
                     DATA          00000086 - 00000086           1 
                     DATA          00000088 - 00000088           1 
                     DATA          00000090 - 00000091           2 
                     DATA          0000009A - 0000009B           2 
                     DATA          0000009D - 0000009E           2 
                     DATA          000000A8 - 000000A8           1 
                     DATA          000000BE - 000000BE           1 
                     DATA          000000C1 - 000000C2           2 
                     DATA          000000C5 - 000000C6           2 
                     DATA          000000D9 - 000000D9           1 
                     DATA          000000E1 - 000000E1           1 
                     DATA          000000E8 - 000000E9           2 
                     DATA          000000F1 - 000000F1           1 
                     DATA          000000F3 - 000000F3           1 
                     DATA          000000FD - 000000FF           3 
XSTACK               XDATA         00000001 - 000001FF         1FF   rel    0
XDATA_Z              XDATA         00000200 - 0000033B         13C   rel    0
XDATA_I              XDATA         0000033C - 00000593         258   rel    0
ISTACK               IDATA         000000C0 - 000000FF          40   rel    0

                ****************************************
                *                                      *
                *        END OF CROSS REFERENCE        *
                *                                      *
                ****************************************

 3 264 bytes of CODE  memory
    18 bytes of DATA  memory (+ 24 absolute )
 1 427 bytes of XDATA memory
    64 bytes of IDATA memory
     8 bits  of BIT   memory

Errors: none
Warnings: none

